[rosmaster.main][INFO] 2026-03-11 21:47:12,683: initialization complete, waiting for shutdown
[rosmaster.main][INFO] 2026-03-11 21:47:12,683: Starting ROS Master Node
[xmlrpc][INFO] 2026-03-11 21:47:12,685: XML-RPC server binding to 0.0.0.0:11311
[xmlrpc][INFO] 2026-03-11 21:47:12,685: Started XML-RPC server [http://rera:11311/]
[rosmaster.master][INFO] 2026-03-11 21:47:12,685: Master initialized: port[11311], uri[http://rera:11311/]
[xmlrpc][INFO] 2026-03-11 21:47:12,685: xml rpc node: starting XML-RPC server
[rosmaster.master][INFO] 2026-03-11 21:47:12,760: +PARAM [/run_id] by /roslaunch
[rosmaster.master][INFO] 2026-03-11 21:47:12,762: +PARAM [/roslaunch/uris/host_rera__39775] by /roslaunch
[rosmaster.master][INFO] 2026-03-11 21:47:12,872: +PARAM [/rosversion] by /roslaunch
[rosmaster.master][INFO] 2026-03-11 21:47:12,872: +PARAM [/rosdistro] by /roslaunch
[rosmaster.master][INFO] 2026-03-11 21:47:12,913: +SERVICE [/rosout/get_loggers] /rosout http://rera:46411/
[rosmaster.master][INFO] 2026-03-11 21:47:12,914: +SERVICE [/rosout/set_logger_level] /rosout http://rera:46411/
[rosmaster.master][INFO] 2026-03-11 21:47:12,915: +PUB [/rosout_agg] /rosout http://rera:46411/
[rosmaster.master][INFO] 2026-03-11 21:47:12,918: +SUB [/rosout] /rosout http://rera:46411/
[rosmaster.master][INFO] 2026-03-11 21:47:29,200: +PARAM [/roslaunch/uris/host_rera__33219] by /roslaunch
[rosmaster.master][INFO] 2026-03-11 21:47:29,202: +PARAM [/rosversion] by /roslaunch
[rosmaster.master][INFO] 2026-03-11 21:47:29,203: +PARAM [/rosdistro] by /roslaunch
[rosmaster.master][INFO] 2026-03-11 21:47:29,203: +PARAM [/use_sim_time] by /roslaunch
[rosmaster.master][INFO] 2026-03-11 21:47:29,203: +PARAM [/gazebo/enable_ros_network] by /roslaunch
[rosmaster.master][INFO] 2026-03-11 21:47:29,330: +PUB [/rosout] /tf_footprint_base http://rera:37377/
[rosmaster.master][INFO] 2026-03-11 21:47:29,331: +SERVICE [/tf_footprint_base/get_loggers] /tf_footprint_base http://rera:37377/
[rosmaster.master][INFO] 2026-03-11 21:47:29,332: +SERVICE [/tf_footprint_base/set_logger_level] /tf_footprint_base http://rera:37377/
[rosmaster.master][INFO] 2026-03-11 21:47:29,335: +PUB [/rosout] /tf_body_footprint http://rera:43327/
[rosmaster.master][INFO] 2026-03-11 21:47:29,337: +SERVICE [/tf_body_footprint/get_loggers] /tf_body_footprint http://rera:43327/
[rosmaster.master][INFO] 2026-03-11 21:47:29,337: +SUB [/clock] /tf_footprint_base http://rera:37377/
[rosmaster.master][INFO] 2026-03-11 21:47:29,338: +SERVICE [/tf_body_footprint/set_logger_level] /tf_body_footprint http://rera:43327/
[rosmaster.master][INFO] 2026-03-11 21:47:29,338: +PUB [/tf] /tf_footprint_base http://rera:37377/
[rosmaster.master][INFO] 2026-03-11 21:47:29,342: +SUB [/clock] /tf_body_footprint http://rera:43327/
[rosmaster.master][INFO] 2026-03-11 21:47:29,343: +PUB [/tf] /tf_body_footprint http://rera:43327/
[rosmaster.master][INFO] 2026-03-11 21:47:29,345: publisherUpdate[/rosout] -> http://rera:46411/ ['http://rera:37377/']
[rosmaster.master][INFO] 2026-03-11 21:47:29,349: publisherUpdate[/rosout] -> http://rera:46411/ ['http://rera:37377/']: sec=0.00, result=[1, '', 0]
[rosmaster.master][INFO] 2026-03-11 21:47:29,349: publisherUpdate[/rosout] -> http://rera:46411/ ['http://rera:37377/', 'http://rera:43327/']
[rosmaster.master][INFO] 2026-03-11 21:47:29,350: publisherUpdate[/rosout] -> http://rera:46411/ ['http://rera:37377/', 'http://rera:43327/']: sec=0.00, result=[1, '', 0]
[rosmaster.master][INFO] 2026-03-11 21:47:29,990: +PUB [/rosout] /spawn_model http://rera:41501/
[rosmaster.master][INFO] 2026-03-11 21:47:29,993: +SUB [/clock] /spawn_model http://rera:41501/
[rosmaster.master][INFO] 2026-03-11 21:47:29,994: +SERVICE [/spawn_model/get_loggers] /spawn_model http://rera:41501/
[rosmaster.master][INFO] 2026-03-11 21:47:29,995: +SERVICE [/spawn_model/set_logger_level] /spawn_model http://rera:41501/
[rosmaster.master][INFO] 2026-03-11 21:47:29,995: +CACHEDPARAM [/rosout_disable_topics_generation] by /spawn_model
[rosmaster.master][INFO] 2026-03-11 21:47:29,999: +CACHEDPARAM [/rosout_disable_topics_generation] by /spawn_model
[rosmaster.master][INFO] 2026-03-11 21:47:30,048: publisherUpdate[/rosout] -> http://rera:46411/ ['http://rera:37377/', 'http://rera:43327/', 'http://rera:41501/']
[rosmaster.master][INFO] 2026-03-11 21:47:30,049: publisherUpdate[/rosout] -> http://rera:46411/ ['http://rera:37377/', 'http://rera:43327/', 'http://rera:41501/']: sec=0.00, result=[1, '', 0]
[rosmaster.master][INFO] 2026-03-11 21:47:30,052: +SERVICE [/fake_joint_calibration/get_loggers] /fake_joint_calibration http://rera:32891/
[rosmaster.master][INFO] 2026-03-11 21:47:30,053: +SERVICE [/fake_joint_calibration/set_logger_level] /fake_joint_calibration http://rera:32891/
[rosmaster.master][INFO] 2026-03-11 21:47:30,054: +PUB [/calibrated] /fake_joint_calibration http://rera:32891/
[rosmaster.master][INFO] 2026-03-11 21:47:30,253: +CACHEDPARAM [/rosout/omit_topics] by /rosout
[rosmaster.master][INFO] 2026-03-11 21:47:30,329: +PUB [/rosout] /gazebo http://rera:42143/
[rosmaster.master][INFO] 2026-03-11 21:47:30,330: +SERVICE [/gazebo/get_loggers] /gazebo http://rera:42143/
[rosmaster.master][INFO] 2026-03-11 21:47:30,331: +SERVICE [/gazebo/set_logger_level] /gazebo http://rera:42143/
[rosmaster.master][INFO] 2026-03-11 21:47:30,336: +SUB [/clock] /gazebo http://rera:42143/
[rosmaster.master][INFO] 2026-03-11 21:47:30,342: +CACHEDPARAM [/rosout_disable_topics_generation] by /gazebo
[rosmaster.master][INFO] 2026-03-11 21:47:30,349: publisherUpdate[/rosout] -> http://rera:46411/ ['http://rera:37377/', 'http://rera:43327/', 'http://rera:41501/', 'http://rera:42143/']
[rosmaster.master][INFO] 2026-03-11 21:47:30,351: publisherUpdate[/rosout] -> http://rera:46411/ ['http://rera:37377/', 'http://rera:43327/', 'http://rera:41501/', 'http://rera:42143/']: sec=0.00, result=[1, '', 0]
[rosmaster.master][INFO] 2026-03-11 21:47:30,398: +PUB [/rosout] /gazebo_gui http://rera:39649/
[rosmaster.master][INFO] 2026-03-11 21:47:30,399: +SERVICE [/gazebo_gui/get_loggers] /gazebo_gui http://rera:39649/
[rosmaster.master][INFO] 2026-03-11 21:47:30,400: +SERVICE [/gazebo_gui/set_logger_level] /gazebo_gui http://rera:39649/
[rosmaster.master][INFO] 2026-03-11 21:47:30,403: +SUB [/clock] /gazebo_gui http://rera:39649/
[rosmaster.master][INFO] 2026-03-11 21:47:30,409: +CACHEDPARAM [/rosout_disable_topics_generation] by /gazebo_gui
[rosmaster.master][INFO] 2026-03-11 21:47:30,451: publisherUpdate[/rosout] -> http://rera:46411/ ['http://rera:37377/', 'http://rera:43327/', 'http://rera:41501/', 'http://rera:42143/', 'http://rera:39649/']
[rosmaster.master][INFO] 2026-03-11 21:47:30,452: publisherUpdate[/rosout] -> http://rera:46411/ ['http://rera:37377/', 'http://rera:43327/', 'http://rera:41501/', 'http://rera:42143/', 'http://rera:39649/']: sec=0.00, result=[1, '', 0]
[rosmaster.master][INFO] 2026-03-11 21:47:31,093: +PUB [/clock] /gazebo http://rera:42143/
[rosmaster.master][INFO] 2026-03-11 21:47:31,093: +SERVICE [/gazebo/spawn_sdf_model] /gazebo http://rera:42143/
[rosmaster.master][INFO] 2026-03-11 21:47:31,096: +SERVICE [/gazebo/spawn_urdf_model] /gazebo http://rera:42143/
[rosmaster.master][INFO] 2026-03-11 21:47:31,096: +SERVICE [/gazebo/delete_model] /gazebo http://rera:42143/
[rosmaster.master][INFO] 2026-03-11 21:47:31,097: +SERVICE [/gazebo/delete_light] /gazebo http://rera:42143/
[rosmaster.master][INFO] 2026-03-11 21:47:31,098: +SERVICE [/gazebo/get_model_properties] /gazebo http://rera:42143/
[rosmaster.master][INFO] 2026-03-11 21:47:31,098: +SERVICE [/gazebo/get_model_state] /gazebo http://rera:42143/
[rosmaster.master][INFO] 2026-03-11 21:47:31,099: +SERVICE [/gazebo/get_world_properties] /gazebo http://rera:42143/
[rosmaster.master][INFO] 2026-03-11 21:47:31,100: +SERVICE [/gazebo/get_joint_properties] /gazebo http://rera:42143/
[rosmaster.master][INFO] 2026-03-11 21:47:31,100: +SERVICE [/gazebo/get_link_properties] /gazebo http://rera:42143/
[rosmaster.master][INFO] 2026-03-11 21:47:31,101: +SERVICE [/gazebo/get_link_state] /gazebo http://rera:42143/
[rosmaster.master][INFO] 2026-03-11 21:47:31,102: +SERVICE [/gazebo/get_light_properties] /gazebo http://rera:42143/
[rosmaster.master][INFO] 2026-03-11 21:47:31,102: +SERVICE [/gazebo/set_light_properties] /gazebo http://rera:42143/
[rosmaster.master][INFO] 2026-03-11 21:47:31,103: +SERVICE [/gazebo/get_physics_properties] /gazebo http://rera:42143/
[rosmaster.master][INFO] 2026-03-11 21:47:31,103: +PUB [/gazebo/link_states] /gazebo http://rera:42143/
[rosmaster.master][INFO] 2026-03-11 21:47:31,104: +PUB [/gazebo/model_states] /gazebo http://rera:42143/
[rosmaster.master][INFO] 2026-03-11 21:47:31,105: +PUB [/gazebo/performance_metrics] /gazebo http://rera:42143/
[rosmaster.master][INFO] 2026-03-11 21:47:31,105: +SERVICE [/gazebo/set_link_properties] /gazebo http://rera:42143/
[rosmaster.master][INFO] 2026-03-11 21:47:31,106: +SERVICE [/gazebo/set_physics_properties] /gazebo http://rera:42143/
[rosmaster.master][INFO] 2026-03-11 21:47:31,107: +SERVICE [/gazebo/set_model_state] /gazebo http://rera:42143/
[rosmaster.master][INFO] 2026-03-11 21:47:31,108: +SERVICE [/gazebo/set_model_configuration] /gazebo http://rera:42143/
[rosmaster.master][INFO] 2026-03-11 21:47:31,108: +SERVICE [/gazebo/set_joint_properties] /gazebo http://rera:42143/
[rosmaster.master][INFO] 2026-03-11 21:47:31,109: +SERVICE [/gazebo/set_link_state] /gazebo http://rera:42143/
[rosmaster.master][INFO] 2026-03-11 21:47:31,111: +SUB [/gazebo/set_link_state] /gazebo http://rera:42143/
[rosmaster.master][INFO] 2026-03-11 21:47:31,115: +SUB [/gazebo/set_model_state] /gazebo http://rera:42143/
[rosmaster.master][INFO] 2026-03-11 21:47:31,115: +SERVICE [/gazebo/set_parameters] /gazebo http://rera:42143/
[rosmaster.master][INFO] 2026-03-11 21:47:31,116: +SERVICE [/gazebo/pause_physics] /gazebo http://rera:42143/
[rosmaster.master][INFO] 2026-03-11 21:47:31,116: +PUB [/gazebo/parameter_descriptions] /gazebo http://rera:42143/
[rosmaster.master][INFO] 2026-03-11 21:47:31,117: +SERVICE [/gazebo/unpause_physics] /gazebo http://rera:42143/
[rosmaster.master][INFO] 2026-03-11 21:47:31,117: +PUB [/gazebo/parameter_updates] /gazebo http://rera:42143/
[rosmaster.master][INFO] 2026-03-11 21:47:31,117: +SERVICE [/gazebo/apply_body_wrench] /gazebo http://rera:42143/
[rosmaster.master][INFO] 2026-03-11 21:47:31,118: +SERVICE [/gazebo/apply_joint_effort] /gazebo http://rera:42143/
[rosmaster.master][INFO] 2026-03-11 21:47:31,119: +SERVICE [/gazebo/clear_joint_forces] /gazebo http://rera:42143/
[rosmaster.master][INFO] 2026-03-11 21:47:31,120: +SERVICE [/gazebo/clear_body_wrenches] /gazebo http://rera:42143/
[rosmaster.master][INFO] 2026-03-11 21:47:31,120: +SERVICE [/gazebo/reset_simulation] /gazebo http://rera:42143/
[rosmaster.master][INFO] 2026-03-11 21:47:31,121: +SERVICE [/gazebo/reset_world] /gazebo http://rera:42143/
[rosmaster.master][INFO] 2026-03-11 21:47:31,125: +PARAM [/gazebo/time_step] by /gazebo
[rosmaster.master][INFO] 2026-03-11 21:47:31,125: +PARAM [/gazebo/max_update_rate] by /gazebo
[rosmaster.master][INFO] 2026-03-11 21:47:31,125: +PARAM [/gazebo/gravity_x] by /gazebo
[rosmaster.master][INFO] 2026-03-11 21:47:31,126: +PARAM [/gazebo/gravity_y] by /gazebo
[rosmaster.master][INFO] 2026-03-11 21:47:31,126: +PARAM [/gazebo/gravity_z] by /gazebo
[rosmaster.master][INFO] 2026-03-11 21:47:31,127: +PARAM [/gazebo/auto_disable_bodies] by /gazebo
[rosmaster.master][INFO] 2026-03-11 21:47:31,127: +PARAM [/gazebo/sor_pgs_precon_iters] by /gazebo
[rosmaster.master][INFO] 2026-03-11 21:47:31,127: +PARAM [/gazebo/sor_pgs_iters] by /gazebo
[rosmaster.master][INFO] 2026-03-11 21:47:31,128: +PARAM [/gazebo/sor_pgs_w] by /gazebo
[rosmaster.master][INFO] 2026-03-11 21:47:31,128: +PARAM [/gazebo/sor_pgs_rms_error_tol] by /gazebo
[rosmaster.master][INFO] 2026-03-11 21:47:31,129: +PARAM [/gazebo/cfm] by /gazebo
[rosmaster.master][INFO] 2026-03-11 21:47:31,129: +PARAM [/gazebo/erp] by /gazebo
[rosmaster.master][INFO] 2026-03-11 21:47:31,130: +PARAM [/gazebo/contact_surface_layer] by /gazebo
[rosmaster.master][INFO] 2026-03-11 21:47:31,131: +PARAM [/gazebo/contact_max_correcting_vel] by /gazebo
[rosmaster.master][INFO] 2026-03-11 21:47:31,132: +PARAM [/gazebo/max_contacts] by /gazebo
[rosmaster.master][INFO] 2026-03-11 21:47:31,140: +PARAM [/gazebo/time_step] by /gazebo
[rosmaster.master][INFO] 2026-03-11 21:47:31,141: +PARAM [/gazebo/max_update_rate] by /gazebo
[rosmaster.master][INFO] 2026-03-11 21:47:31,142: +PARAM [/gazebo/gravity_x] by /gazebo
[rosmaster.master][INFO] 2026-03-11 21:47:31,142: +PARAM [/gazebo/gravity_y] by /gazebo
[rosmaster.master][INFO] 2026-03-11 21:47:31,143: +PARAM [/gazebo/gravity_z] by /gazebo
[rosmaster.master][INFO] 2026-03-11 21:47:31,144: +PARAM [/gazebo/auto_disable_bodies] by /gazebo
[rosmaster.master][INFO] 2026-03-11 21:47:31,145: +PARAM [/gazebo/sor_pgs_precon_iters] by /gazebo
[rosmaster.master][INFO] 2026-03-11 21:47:31,146: +PARAM [/gazebo/sor_pgs_iters] by /gazebo
[rosmaster.master][INFO] 2026-03-11 21:47:31,146: +PARAM [/gazebo/sor_pgs_w] by /gazebo
[rosmaster.master][INFO] 2026-03-11 21:47:31,147: +PARAM [/gazebo/sor_pgs_rms_error_tol] by /gazebo
[rosmaster.master][INFO] 2026-03-11 21:47:31,148: +PARAM [/gazebo/cfm] by /gazebo
[rosmaster.master][INFO] 2026-03-11 21:47:31,148: +PARAM [/gazebo/erp] by /gazebo
[rosmaster.master][INFO] 2026-03-11 21:47:31,149: +PARAM [/gazebo/contact_surface_layer] by /gazebo
[rosmaster.master][INFO] 2026-03-11 21:47:31,149: +PARAM [/gazebo/contact_max_correcting_vel] by /gazebo
[rosmaster.master][INFO] 2026-03-11 21:47:31,150: +PARAM [/gazebo/max_contacts] by /gazebo
[rosmaster.master][INFO] 2026-03-11 21:47:31,153: publisherUpdate[/clock] -> http://rera:37377/ ['http://rera:42143/']
[rosmaster.master][INFO] 2026-03-11 21:47:31,154: publisherUpdate[/clock] -> http://rera:37377/ ['http://rera:42143/']: sec=0.00, result=[1, '', 0]
[rosmaster.master][INFO] 2026-03-11 21:47:31,154: publisherUpdate[/clock] -> http://rera:43327/ ['http://rera:42143/']
[rosmaster.master][INFO] 2026-03-11 21:47:31,154: publisherUpdate[/clock] -> http://rera:41501/ ['http://rera:42143/']
[rosmaster.master][INFO] 2026-03-11 21:47:31,155: publisherUpdate[/clock] -> http://rera:42143/ ['http://rera:42143/']
[rosmaster.master][INFO] 2026-03-11 21:47:31,157: publisherUpdate[/clock] -> http://rera:41501/ ['http://rera:42143/']: sec=0.00, result=[1, '', 0]
[rosmaster.master][INFO] 2026-03-11 21:47:31,157: publisherUpdate[/clock] -> http://rera:43327/ ['http://rera:42143/']: sec=0.00, result=[1, '', 0]
[rosmaster.master][INFO] 2026-03-11 21:47:31,157: publisherUpdate[/clock] -> http://rera:39649/ ['http://rera:42143/']
[rosmaster.master][INFO] 2026-03-11 21:47:31,158: publisherUpdate[/clock] -> http://rera:42143/ ['http://rera:42143/']: sec=0.00, result=[1, '', 0]
[rosmaster.master][INFO] 2026-03-11 21:47:31,160: publisherUpdate[/clock] -> http://rera:39649/ ['http://rera:42143/']: sec=0.00, result=[1, '', 0]
[rosmaster.master][INFO] 2026-03-11 21:47:31,207: +CACHEDPARAM [/rosout_disable_topics_generation] by /spawn_model
[rosmaster.master][INFO] 2026-03-11 21:47:33,055: +SERVICE [/camera/set_camera_info] /gazebo http://rera:42143/
[rosmaster.master][INFO] 2026-03-11 21:47:33,066: +SERVICE [/camera/set_parameters] /gazebo http://rera:42143/
[rosmaster.master][INFO] 2026-03-11 21:47:33,067: +PUB [/camera/parameter_descriptions] /gazebo http://rera:42143/
[rosmaster.master][INFO] 2026-03-11 21:47:33,068: +PUB [/camera/parameter_updates] /gazebo http://rera:42143/
[rosmaster.master][INFO] 2026-03-11 21:47:33,069: +PARAM [/camera/imager_rate] by /gazebo
[rosmaster.master][INFO] 2026-03-11 21:47:33,070: +PARAM [/camera/imager_rate] by /gazebo
[rosmaster.master][INFO] 2026-03-11 21:47:33,076: +PARAM [/camera/imager_rate] by /gazebo
[rosmaster.master][INFO] 2026-03-11 21:47:33,077: +PARAM [/camera/imager_rate] by /gazebo
[rosmaster.master][INFO] 2026-03-11 21:47:33,214: +PUB [/camera/depth/image_raw/compressedDepth] /gazebo http://rera:42143/
[rosmaster.master][INFO] 2026-03-11 21:47:33,215: +PUB [/camera/color/image_raw/compressedDepth] /gazebo http://rera:42143/
[rosmaster.master][INFO] 2026-03-11 21:47:33,215: +SERVICE [/camera/depth/image_raw/compressedDepth/set_parameters] /gazebo http://rera:42143/
[rosmaster.master][INFO] 2026-03-11 21:47:33,216: +PUB [/camera/depth/image_raw/compressedDepth/parameter_descriptions] /gazebo http://rera:42143/
[rosmaster.master][INFO] 2026-03-11 21:47:33,216: +SERVICE [/camera/color/image_raw/compressedDepth/set_parameters] /gazebo http://rera:42143/
[rosmaster.master][INFO] 2026-03-11 21:47:33,217: +PUB [/camera/depth/image_raw/compressedDepth/parameter_updates] /gazebo http://rera:42143/
[rosmaster.master][INFO] 2026-03-11 21:47:33,217: +PUB [/camera/color/image_raw/compressedDepth/parameter_descriptions] /gazebo http://rera:42143/
[rosmaster.master][INFO] 2026-03-11 21:47:33,218: +PUB [/camera/color/image_raw/compressedDepth/parameter_updates] /gazebo http://rera:42143/
[rosmaster.master][INFO] 2026-03-11 21:47:33,221: +PARAM [/camera/depth/image_raw/compressedDepth/format] by /gazebo
[rosmaster.master][INFO] 2026-03-11 21:47:33,222: +PUB [/camera/imu] /gazebo http://rera:42143/
[rosmaster.master][INFO] 2026-03-11 21:47:33,222: +PARAM [/camera/depth/image_raw/compressedDepth/depth_max] by /gazebo
[rosmaster.master][INFO] 2026-03-11 21:47:33,225: +PARAM [/camera/depth/image_raw/compressedDepth/depth_quantization] by /gazebo
[rosmaster.master][INFO] 2026-03-11 21:47:33,226: +PARAM [/camera/depth/image_raw/compressedDepth/png_level] by /gazebo
[rosmaster.master][INFO] 2026-03-11 21:47:33,227: +PARAM [/camera/color/image_raw/compressedDepth/format] by /gazebo
[rosmaster.master][INFO] 2026-03-11 21:47:33,228: +PARAM [/camera/color/image_raw/compressedDepth/depth_max] by /gazebo
[rosmaster.master][INFO] 2026-03-11 21:47:33,228: +PARAM [/camera/color/image_raw/compressedDepth/depth_quantization] by /gazebo
[rosmaster.master][INFO] 2026-03-11 21:47:33,229: +PARAM [/camera/color/image_raw/compressedDepth/png_level] by /gazebo
[rosmaster.master][INFO] 2026-03-11 21:47:33,229: +PARAM [/camera/depth/image_raw/compressedDepth/format] by /gazebo
[rosmaster.master][INFO] 2026-03-11 21:47:33,230: +PARAM [/camera/depth/image_raw/compressedDepth/depth_max] by /gazebo
[rosmaster.master][INFO] 2026-03-11 21:47:33,231: +PARAM [/camera/depth/image_raw/compressedDepth/depth_quantization] by /gazebo
[rosmaster.master][INFO] 2026-03-11 21:47:33,231: +PARAM [/camera/depth/image_raw/compressedDepth/png_level] by /gazebo
[rosmaster.master][INFO] 2026-03-11 21:47:33,232: +PARAM [/camera/color/image_raw/compressedDepth/format] by /gazebo
[rosmaster.master][INFO] 2026-03-11 21:47:33,232: +PARAM [/camera/color/image_raw/compressedDepth/depth_max] by /gazebo
[rosmaster.master][INFO] 2026-03-11 21:47:33,233: +PARAM [/camera/color/image_raw/compressedDepth/depth_quantization] by /gazebo
[rosmaster.master][INFO] 2026-03-11 21:47:33,233: +PARAM [/camera/color/image_raw/compressedDepth/png_level] by /gazebo
[rosmaster.master][INFO] 2026-03-11 21:47:33,240: +PUB [/camera/color/image_raw/compressed] /gazebo http://rera:42143/
[rosmaster.master][INFO] 2026-03-11 21:47:33,240: +PUB [/camera/depth/image_raw/compressed] /gazebo http://rera:42143/
[rosmaster.master][INFO] 2026-03-11 21:47:33,241: +SERVICE [/camera/color/image_raw/compressed/set_parameters] /gazebo http://rera:42143/
[rosmaster.master][INFO] 2026-03-11 21:47:33,241: +PUB [/camera/color/image_raw/compressed/parameter_descriptions] /gazebo http://rera:42143/
[rosmaster.master][INFO] 2026-03-11 21:47:33,242: +SERVICE [/camera/depth/image_raw/compressed/set_parameters] /gazebo http://rera:42143/
[rosmaster.master][INFO] 2026-03-11 21:47:33,243: +PUB [/camera/color/image_raw/compressed/parameter_updates] /gazebo http://rera:42143/
[rosmaster.master][INFO] 2026-03-11 21:47:33,243: +PUB [/camera/depth/image_raw/compressed/parameter_descriptions] /gazebo http://rera:42143/
[rosmaster.master][INFO] 2026-03-11 21:47:33,244: +PUB [/camera/depth/image_raw/compressed/parameter_updates] /gazebo http://rera:42143/
[rosmaster.master][INFO] 2026-03-11 21:47:33,247: +PARAM [/camera/color/image_raw/compressed/format] by /gazebo
[rosmaster.master][INFO] 2026-03-11 21:47:33,248: +PARAM [/camera/color/image_raw/compressed/jpeg_quality] by /gazebo
[rosmaster.master][INFO] 2026-03-11 21:47:33,248: +PARAM [/camera/color/image_raw/compressed/jpeg_progressive] by /gazebo
[rosmaster.master][INFO] 2026-03-11 21:47:33,249: +PARAM [/camera/color/image_raw/compressed/jpeg_optimize] by /gazebo
[rosmaster.master][INFO] 2026-03-11 21:47:33,249: +PARAM [/camera/color/image_raw/compressed/jpeg_restart_interval] by /gazebo
[rosmaster.master][INFO] 2026-03-11 21:47:33,250: +PARAM [/camera/color/image_raw/compressed/png_level] by /gazebo
[rosmaster.master][INFO] 2026-03-11 21:47:33,251: +PARAM [/camera/depth/image_raw/compressed/format] by /gazebo
[rosmaster.master][INFO] 2026-03-11 21:47:33,251: +PARAM [/camera/depth/image_raw/compressed/jpeg_quality] by /gazebo
[rosmaster.master][INFO] 2026-03-11 21:47:33,252: +PARAM [/camera/depth/image_raw/compressed/jpeg_progressive] by /gazebo
[rosmaster.master][INFO] 2026-03-11 21:47:33,253: +PARAM [/camera/depth/image_raw/compressed/jpeg_optimize] by /gazebo
[rosmaster.master][INFO] 2026-03-11 21:47:33,253: +PARAM [/camera/depth/image_raw/compressed/jpeg_restart_interval] by /gazebo
[rosmaster.master][INFO] 2026-03-11 21:47:33,254: +PARAM [/camera/depth/image_raw/compressed/png_level] by /gazebo
[rosmaster.master][INFO] 2026-03-11 21:47:33,254: +PARAM [/camera/depth/image_raw/compressed/format] by /gazebo
[rosmaster.master][INFO] 2026-03-11 21:47:33,255: +PARAM [/camera/depth/image_raw/compressed/jpeg_quality] by /gazebo
[rosmaster.master][INFO] 2026-03-11 21:47:33,255: +PARAM [/camera/depth/image_raw/compressed/jpeg_progressive] by /gazebo
[rosmaster.master][INFO] 2026-03-11 21:47:33,256: +PARAM [/camera/depth/image_raw/compressed/jpeg_optimize] by /gazebo
[rosmaster.master][INFO] 2026-03-11 21:47:33,256: +PARAM [/camera/depth/image_raw/compressed/jpeg_restart_interval] by /gazebo
[rosmaster.master][INFO] 2026-03-11 21:47:33,257: +PARAM [/camera/depth/image_raw/compressed/png_level] by /gazebo
[rosmaster.master][INFO] 2026-03-11 21:47:33,257: +PARAM [/camera/color/image_raw/compressed/format] by /gazebo
[rosmaster.master][INFO] 2026-03-11 21:47:33,258: +PARAM [/camera/color/image_raw/compressed/jpeg_quality] by /gazebo
[rosmaster.master][INFO] 2026-03-11 21:47:33,259: +PARAM [/camera/color/image_raw/compressed/jpeg_progressive] by /gazebo
[rosmaster.master][INFO] 2026-03-11 21:47:33,260: +PARAM [/camera/color/image_raw/compressed/jpeg_optimize] by /gazebo
[rosmaster.master][INFO] 2026-03-11 21:47:33,260: +PARAM [/camera/color/image_raw/compressed/jpeg_restart_interval] by /gazebo
[rosmaster.master][INFO] 2026-03-11 21:47:33,260: +PARAM [/camera/color/image_raw/compressed/png_level] by /gazebo
[rosmaster.master][INFO] 2026-03-11 21:47:33,261: +PUB [/camera/depth/image_raw] /gazebo http://rera:42143/
[rosmaster.master][INFO] 2026-03-11 21:47:33,261: +PUB [/camera/color/image_raw] /gazebo http://rera:42143/
[rosmaster.master][INFO] 2026-03-11 21:47:33,265: +PUB [/camera/depth/image_raw/theora] /gazebo http://rera:42143/
[rosmaster.master][INFO] 2026-03-11 21:47:33,266: +PUB [/camera/color/image_raw/theora] /gazebo http://rera:42143/
[rosmaster.master][INFO] 2026-03-11 21:47:33,267: +SERVICE [/camera/depth/image_raw/theora/set_parameters] /gazebo http://rera:42143/
[rosmaster.master][INFO] 2026-03-11 21:47:33,268: +PUB [/camera/depth/image_raw/theora/parameter_descriptions] /gazebo http://rera:42143/
[rosmaster.master][INFO] 2026-03-11 21:47:33,268: +SERVICE [/camera/color/image_raw/theora/set_parameters] /gazebo http://rera:42143/
[rosmaster.master][INFO] 2026-03-11 21:47:33,269: +PUB [/camera/depth/image_raw/theora/parameter_updates] /gazebo http://rera:42143/
[rosmaster.master][INFO] 2026-03-11 21:47:33,270: +PUB [/camera/color/image_raw/theora/parameter_descriptions] /gazebo http://rera:42143/
[rosmaster.master][INFO] 2026-03-11 21:47:33,271: +PUB [/camera/color/image_raw/theora/parameter_updates] /gazebo http://rera:42143/
[rosmaster.master][INFO] 2026-03-11 21:47:33,274: +PARAM [/camera/depth/image_raw/theora/optimize_for] by /gazebo
[rosmaster.master][INFO] 2026-03-11 21:47:33,274: +PARAM [/camera/depth/image_raw/theora/target_bitrate] by /gazebo
[rosmaster.master][INFO] 2026-03-11 21:47:33,275: +PARAM [/camera/depth/image_raw/theora/quality] by /gazebo
[rosmaster.master][INFO] 2026-03-11 21:47:33,275: +PARAM [/camera/depth/image_raw/theora/keyframe_frequency] by /gazebo
[rosmaster.master][INFO] 2026-03-11 21:47:33,276: +PARAM [/camera/depth/image_raw/theora/optimize_for] by /gazebo
[rosmaster.master][INFO] 2026-03-11 21:47:33,276: +PARAM [/camera/depth/image_raw/theora/target_bitrate] by /gazebo
[rosmaster.master][INFO] 2026-03-11 21:47:33,277: +PARAM [/camera/depth/image_raw/theora/quality] by /gazebo
[rosmaster.master][INFO] 2026-03-11 21:47:33,278: +PARAM [/camera/depth/image_raw/theora/keyframe_frequency] by /gazebo
[rosmaster.master][INFO] 2026-03-11 21:47:33,278: +PARAM [/camera/color/image_raw/theora/optimize_for] by /gazebo
[rosmaster.master][INFO] 2026-03-11 21:47:33,279: +PUB [/camera/depth/camera_info] /gazebo http://rera:42143/
[rosmaster.master][INFO] 2026-03-11 21:47:33,280: +PARAM [/camera/color/image_raw/theora/target_bitrate] by /gazebo
[rosmaster.master][INFO] 2026-03-11 21:47:33,280: +PUB [/camera/depth/points] /gazebo http://rera:42143/
[rosmaster.master][INFO] 2026-03-11 21:47:33,281: +PARAM [/camera/color/image_raw/theora/quality] by /gazebo
[rosmaster.master][INFO] 2026-03-11 21:47:33,281: +PARAM [/camera/color/image_raw/theora/keyframe_frequency] by /gazebo
[rosmaster.master][INFO] 2026-03-11 21:47:33,282: +PARAM [/camera/color/image_raw/theora/optimize_for] by /gazebo
[rosmaster.master][INFO] 2026-03-11 21:47:33,282: +PARAM [/camera/color/image_raw/theora/target_bitrate] by /gazebo
[rosmaster.master][INFO] 2026-03-11 21:47:33,283: +PARAM [/camera/color/image_raw/theora/quality] by /gazebo
[rosmaster.master][INFO] 2026-03-11 21:47:33,283: +PARAM [/camera/color/image_raw/theora/keyframe_frequency] by /gazebo
[rosmaster.master][INFO] 2026-03-11 21:47:33,284: +PUB [/camera/color/camera_info] /gazebo http://rera:42143/
[rosmaster.master][INFO] 2026-03-11 21:47:56,191: +CACHEDPARAM [/rosout_disable_topics_generation] by /spawn_model
[rosmaster.master][INFO] 2026-03-11 21:47:56,193: -SUB [/clock] /spawn_model http://rera:41501/
[rosmaster.master][INFO] 2026-03-11 21:47:56,193: -PUB [/rosout] /spawn_model http://rera:41501/
[rosmaster.master][INFO] 2026-03-11 21:47:56,193: -SERVICE [/spawn_model/get_loggers] /spawn_model rosrpc://rera:38677
[rosmaster.master][INFO] 2026-03-11 21:47:56,193: -SERVICE [/spawn_model/set_logger_level] /spawn_model rosrpc://rera:38677
[rosmaster.master][INFO] 2026-03-11 21:47:56,195: +PUB [/velodyne_points] /gazebo http://rera:42143/
[rosmaster.master][INFO] 2026-03-11 21:47:56,220: publisherUpdate[/rosout] -> http://rera:46411/ ['http://rera:37377/', 'http://rera:43327/', 'http://rera:42143/', 'http://rera:39649/']
[rosmaster.master][INFO] 2026-03-11 21:47:56,222: publisherUpdate[/rosout] -> http://rera:46411/ ['http://rera:37377/', 'http://rera:43327/', 'http://rera:42143/', 'http://rera:39649/']: sec=0.00, result=[1, '', 0]
[rosmaster.master][ERROR] 2026-03-11 21:47:58,074: Traceback (most recent call last):
  File "/opt/ros/noetic/lib/python3/dist-packages/rosmaster/master_api.py", line 177, in validated_f
    code, msg, val = f(*newArgs, **kwds)
  File "/opt/ros/noetic/lib/python3/dist-packages/rosmaster/master_api.py", line 435, in searchParam
    search_key = self.param_server.search_param(caller_id, key)
  File "/opt/ros/noetic/lib/python3/dist-packages/rosmaster/paramserver.py", line 116, in search_param
    raise ValueError("namespace must be global")
ValueError: namespace must be global

[rosmaster.master][INFO] 2026-03-11 21:47:58,076: +PUB [/tf] /gazebo http://rera:42143/
[rosmaster.master][INFO] 2026-03-11 21:47:58,079: +SUB [/cmd_vel] /gazebo http://rera:42143/
[rosmaster.master][INFO] 2026-03-11 21:47:58,080: +PUB [/odom] /gazebo http://rera:42143/
[rosmaster.master][INFO] 2026-03-11 21:48:03,378: +PARAM [/roslaunch/uris/host_rera__33867] by /roslaunch
[rosmaster.master][INFO] 2026-03-11 21:48:03,382: +PARAM [/rosversion] by /roslaunch
[rosmaster.master][INFO] 2026-03-11 21:48:03,382: +PARAM [/rosdistro] by /roslaunch
[rosmaster.master][INFO] 2026-03-11 21:48:03,382: +PARAM [/robot_description] by /roslaunch
[rosmaster.master][INFO] 2026-03-11 21:48:03,545: +PUB [/rosout] /robot_state_publisher http://rera:33547/
[rosmaster.master][INFO] 2026-03-11 21:48:03,545: publisherUpdate[/rosout] -> http://rera:46411/ ['http://rera:37377/', 'http://rera:43327/', 'http://rera:42143/', 'http://rera:39649/', 'http://rera:33547/']
[rosmaster.master][INFO] 2026-03-11 21:48:03,546: +SERVICE [/robot_state_publisher/get_loggers] /robot_state_publisher http://rera:33547/
[rosmaster.master][INFO] 2026-03-11 21:48:03,546: +SERVICE [/robot_state_publisher/set_logger_level] /robot_state_publisher http://rera:33547/
[rosmaster.master][INFO] 2026-03-11 21:48:03,547: publisherUpdate[/rosout] -> http://rera:46411/ ['http://rera:37377/', 'http://rera:43327/', 'http://rera:42143/', 'http://rera:39649/', 'http://rera:33547/']: sec=0.00, result=[1, '', 0]
[rosmaster.master][INFO] 2026-03-11 21:48:03,551: +SUB [/clock] /robot_state_publisher http://rera:33547/
[rosmaster.master][INFO] 2026-03-11 21:48:03,556: +CACHEDPARAM [/rosout_disable_topics_generation] by /robot_state_publisher
[rosmaster.master][INFO] 2026-03-11 21:48:03,560: +PUB [/tf] /robot_state_publisher http://rera:33547/
[rosmaster.master][INFO] 2026-03-11 21:48:03,561: +PUB [/tf_static] /robot_state_publisher http://rera:33547/
[rosmaster.master][INFO] 2026-03-11 21:48:03,571: +SUB [/joint_states] /robot_state_publisher http://rera:33547/
[rosmaster.master][INFO] 2026-03-11 21:48:04,175: +PUB [/rosout] /joint_state_publisher_gui http://rera:33525/
[rosmaster.master][INFO] 2026-03-11 21:48:04,178: +SUB [/clock] /joint_state_publisher_gui http://rera:33525/
[rosmaster.master][INFO] 2026-03-11 21:48:04,180: +SERVICE [/joint_state_publisher_gui/get_loggers] /joint_state_publisher_gui http://rera:33525/
[rosmaster.master][INFO] 2026-03-11 21:48:04,180: +SERVICE [/joint_state_publisher_gui/set_logger_level] /joint_state_publisher_gui http://rera:33525/
[rosmaster.master][INFO] 2026-03-11 21:48:04,242: publisherUpdate[/rosout] -> http://rera:46411/ ['http://rera:37377/', 'http://rera:43327/', 'http://rera:42143/', 'http://rera:39649/', 'http://rera:33547/', 'http://rera:33525/']
[rosmaster.master][INFO] 2026-03-11 21:48:04,243: publisherUpdate[/rosout] -> http://rera:46411/ ['http://rera:37377/', 'http://rera:43327/', 'http://rera:42143/', 'http://rera:39649/', 'http://rera:33547/', 'http://rera:33525/']: sec=0.00, result=[1, '', 0]
[rosmaster.master][INFO] 2026-03-11 21:48:04,421: +PUB [/joint_states] /joint_state_publisher_gui http://rera:33525/
[rosmaster.master][INFO] 2026-03-11 21:48:04,444: publisherUpdate[/joint_states] -> http://rera:33547/ ['http://rera:33525/']
[rosmaster.master][INFO] 2026-03-11 21:48:04,445: publisherUpdate[/joint_states] -> http://rera:33547/ ['http://rera:33525/']: sec=0.00, result=[1, '', 0]
[rosmaster.master][INFO] 2026-03-11 21:48:04,506: +CACHEDPARAM [/rosout_disable_topics_generation] by /joint_state_publisher_gui
[rosmaster.master][INFO] 2026-03-11 21:48:17,065: +PARAM [/roslaunch/uris/host_rera__36925] by /roslaunch
[rosmaster.master][INFO] 2026-03-11 21:48:17,070: +PARAM [/rosversion] by /roslaunch
[rosmaster.master][INFO] 2026-03-11 21:48:17,071: +PARAM [/rosdistro] by /roslaunch
[rosmaster.master][INFO] 2026-03-11 21:48:17,071: +PARAM [/common/lid_topic] by /roslaunch
[rosmaster.master][INFO] 2026-03-11 21:48:17,071: +PARAM [/common/imu_topic] by /roslaunch
[rosmaster.master][INFO] 2026-03-11 21:48:17,071: +PARAM [/common/time_sync_en] by /roslaunch
[rosmaster.master][INFO] 2026-03-11 21:48:17,071: +PARAM [/common/time_offset_lidar_to_imu] by /roslaunch
[rosmaster.master][INFO] 2026-03-11 21:48:17,071: +PARAM [/preprocess/lidar_type] by /roslaunch
[rosmaster.master][INFO] 2026-03-11 21:48:17,071: +PARAM [/preprocess/scan_line] by /roslaunch
[rosmaster.master][INFO] 2026-03-11 21:48:17,071: +PARAM [/preprocess/scan_rate] by /roslaunch
[rosmaster.master][INFO] 2026-03-11 21:48:17,071: +PARAM [/preprocess/timestamp_unit] by /roslaunch
[rosmaster.master][INFO] 2026-03-11 21:48:17,071: +PARAM [/preprocess/blind] by /roslaunch
[rosmaster.master][INFO] 2026-03-11 21:48:17,072: +PARAM [/mapping/acc_cov] by /roslaunch
[rosmaster.master][INFO] 2026-03-11 21:48:17,072: +PARAM [/mapping/gyr_cov] by /roslaunch
[rosmaster.master][INFO] 2026-03-11 21:48:17,072: +PARAM [/mapping/b_acc_cov] by /roslaunch
[rosmaster.master][INFO] 2026-03-11 21:48:17,072: +PARAM [/mapping/b_gyr_cov] by /roslaunch
[rosmaster.master][INFO] 2026-03-11 21:48:17,072: +PARAM [/mapping/fov_degree] by /roslaunch
[rosmaster.master][INFO] 2026-03-11 21:48:17,072: +PARAM [/mapping/det_range] by /roslaunch
[rosmaster.master][INFO] 2026-03-11 21:48:17,072: +PARAM [/mapping/extrinsic_est_en] by /roslaunch
[rosmaster.master][INFO] 2026-03-11 21:48:17,072: +PARAM [/mapping/extrinsic_T] by /roslaunch
[rosmaster.master][INFO] 2026-03-11 21:48:17,072: +PARAM [/mapping/extrinsic_R] by /roslaunch
[rosmaster.master][INFO] 2026-03-11 21:48:17,072: +PARAM [/publish/path_en] by /roslaunch
[rosmaster.master][INFO] 2026-03-11 21:48:17,072: +PARAM [/publish/scan_publish_en] by /roslaunch
[rosmaster.master][INFO] 2026-03-11 21:48:17,072: +PARAM [/publish/dense_publish_en] by /roslaunch
[rosmaster.master][INFO] 2026-03-11 21:48:17,073: +PARAM [/publish/scan_bodyframe_pub_en] by /roslaunch
[rosmaster.master][INFO] 2026-03-11 21:48:17,073: +PARAM [/pcd_save/pcd_save_en] by /roslaunch
[rosmaster.master][INFO] 2026-03-11 21:48:17,073: +PARAM [/pcd_save/interval] by /roslaunch
[rosmaster.master][INFO] 2026-03-11 21:48:17,073: +PARAM [/feature_extract_enable] by /roslaunch
[rosmaster.master][INFO] 2026-03-11 21:48:17,073: +PARAM [/point_filter_num] by /roslaunch
[rosmaster.master][INFO] 2026-03-11 21:48:17,073: +PARAM [/max_iteration] by /roslaunch
[rosmaster.master][INFO] 2026-03-11 21:48:17,073: +PARAM [/filter_size_surf] by /roslaunch
[rosmaster.master][INFO] 2026-03-11 21:48:17,073: +PARAM [/filter_size_map] by /roslaunch
[rosmaster.master][INFO] 2026-03-11 21:48:17,073: +PARAM [/cube_side_length] by /roslaunch
[rosmaster.master][INFO] 2026-03-11 21:48:17,073: +PARAM [/runtime_pos_log_enable] by /roslaunch
[rosmaster.master][INFO] 2026-03-11 21:48:17,651: +PUB [/rosout] /laserMapping http://rera:40949/
[rosmaster.master][INFO] 2026-03-11 21:48:17,652: +PUB [/rosout] /rviz http://rera:33433/
[rosmaster.master][INFO] 2026-03-11 21:48:17,653: +SERVICE [/laserMapping/get_loggers] /laserMapping http://rera:40949/
[rosmaster.master][INFO] 2026-03-11 21:48:17,653: +SERVICE [/rviz/get_loggers] /rviz http://rera:33433/
[rosmaster.master][INFO] 2026-03-11 21:48:17,654: +SERVICE [/laserMapping/set_logger_level] /laserMapping http://rera:40949/
[rosmaster.master][INFO] 2026-03-11 21:48:17,654: +SERVICE [/rviz/set_logger_level] /rviz http://rera:33433/
[rosmaster.master][INFO] 2026-03-11 21:48:17,660: +SUB [/clock] /laserMapping http://rera:40949/
[rosmaster.master][INFO] 2026-03-11 21:48:17,662: +SUB [/clock] /rviz http://rera:33433/
[rosmaster.master][INFO] 2026-03-11 21:48:17,663: +CACHEDPARAM [/rosout_disable_topics_generation] by /rviz
[rosmaster.master][INFO] 2026-03-11 21:48:17,683: publisherUpdate[/rosout] -> http://rera:46411/ ['http://rera:37377/', 'http://rera:43327/', 'http://rera:42143/', 'http://rera:39649/', 'http://rera:33547/', 'http://rera:33525/', 'http://rera:40949/']
[rosmaster.master][INFO] 2026-03-11 21:48:17,684: publisherUpdate[/rosout] -> http://rera:46411/ ['http://rera:37377/', 'http://rera:43327/', 'http://rera:42143/', 'http://rera:39649/', 'http://rera:33547/', 'http://rera:33525/', 'http://rera:40949/']: sec=0.00, result=[1, '', 0]
[rosmaster.master][INFO] 2026-03-11 21:48:17,684: publisherUpdate[/rosout] -> http://rera:46411/ ['http://rera:37377/', 'http://rera:43327/', 'http://rera:42143/', 'http://rera:39649/', 'http://rera:33547/', 'http://rera:33525/', 'http://rera:40949/', 'http://rera:33433/']
[rosmaster.master][INFO] 2026-03-11 21:48:17,685: publisherUpdate[/rosout] -> http://rera:46411/ ['http://rera:37377/', 'http://rera:43327/', 'http://rera:42143/', 'http://rera:39649/', 'http://rera:33547/', 'http://rera:33525/', 'http://rera:40949/', 'http://rera:33433/']: sec=0.00, result=[1, '', 0]
[rosmaster.master][INFO] 2026-03-11 21:48:17,712: +SUB [/velodyne_points] /laserMapping http://rera:40949/
[rosmaster.master][INFO] 2026-03-11 21:48:17,716: +SUB [/camera/imu] /laserMapping http://rera:40949/
[rosmaster.master][INFO] 2026-03-11 21:48:17,719: +PUB [/cloud_registered] /laserMapping http://rera:40949/
[rosmaster.master][INFO] 2026-03-11 21:48:17,720: +PUB [/cloud_registered_body] /laserMapping http://rera:40949/
[rosmaster.master][INFO] 2026-03-11 21:48:17,721: +PUB [/cloud_effected] /laserMapping http://rera:40949/
[rosmaster.master][INFO] 2026-03-11 21:48:17,722: +PUB [/Laser_map] /laserMapping http://rera:40949/
[rosmaster.master][INFO] 2026-03-11 21:48:17,723: +PUB [/Odometry] /laserMapping http://rera:40949/
[rosmaster.master][INFO] 2026-03-11 21:48:17,724: +PUB [/path] /laserMapping http://rera:40949/
[rosmaster.master][INFO] 2026-03-11 21:48:18,533: +SUB [/tf] /rviz http://rera:33433/
[rosmaster.master][INFO] 2026-03-11 21:48:18,536: +SUB [/tf_static] /rviz http://rera:33433/
[rosmaster.master][INFO] 2026-03-11 21:48:18,606: +PUB [/initialpose] /rviz http://rera:33433/
[rosmaster.master][INFO] 2026-03-11 21:48:18,609: +PUB [/goal] /rviz http://rera:33433/
[rosmaster.master][INFO] 2026-03-11 21:48:18,624: +SUB [/Odometry] /rviz http://rera:33433/
[rosmaster.master][INFO] 2026-03-11 21:48:18,629: +SUB [/cloud_registered] /rviz http://rera:33433/
[rosmaster.master][INFO] 2026-03-11 21:48:18,629: -SUB [/cloud_registered] /rviz http://rera:33433/
[rosmaster.master][INFO] 2026-03-11 21:48:18,632: +SUB [/cloud_registered] /rviz http://rera:33433/
[rosmaster.master][INFO] 2026-03-11 21:48:18,642: +SUB [/path] /rviz http://rera:33433/
[rosmaster.master][INFO] 2026-03-11 21:48:18,643: -PUB [/goal] /rviz http://rera:33433/
[rosmaster.master][INFO] 2026-03-11 21:48:18,643: -PUB [/initialpose] /rviz http://rera:33433/
[rosmaster.master][INFO] 2026-03-11 21:48:18,647: +PUB [/initialpose] /rviz http://rera:33433/
[rosmaster.master][INFO] 2026-03-11 21:48:18,648: +PUB [/goal] /rviz http://rera:33433/
[rosmaster.master][INFO] 2026-03-11 21:48:18,649: +PUB [/move_base_simple/goal] /rviz http://rera:33433/
[rosmaster.master][INFO] 2026-03-11 21:48:18,649: -PUB [/goal] /rviz http://rera:33433/
[rosmaster.master][INFO] 2026-03-11 21:48:18,650: +PUB [/clicked_point] /rviz http://rera:33433/
[rosmaster.master][INFO] 2026-03-11 21:48:18,758: +SERVICE [/rviz/reload_shaders] /rviz http://rera:33433/
[rosmaster.master][INFO] 2026-03-11 21:48:18,758: +SERVICE [/rviz/load_config] /rviz http://rera:33433/
[rosmaster.master][INFO] 2026-03-11 21:48:18,759: +SERVICE [/rviz/load_config_discarding_changes] /rviz http://rera:33433/
[rosmaster.master][INFO] 2026-03-11 21:48:18,760: +SERVICE [/rviz/save_config] /rviz http://rera:33433/
[rosmaster.master][INFO] 2026-03-11 21:48:18,830: +CACHEDPARAM [/rosout_disable_topics_generation] by /laserMapping
[rosmaster.master][INFO] 2026-03-11 21:48:19,661: +PUB [/tf] /laserMapping http://rera:40949/
[rosmaster.master][INFO] 2026-03-11 21:48:19,689: publisherUpdate[/tf] -> http://rera:33433/ ['http://rera:37377/', 'http://rera:43327/', 'http://rera:42143/', 'http://rera:33547/', 'http://rera:40949/']
[rosmaster.master][INFO] 2026-03-11 21:48:19,692: publisherUpdate[/tf] -> http://rera:33433/ ['http://rera:37377/', 'http://rera:43327/', 'http://rera:42143/', 'http://rera:33547/', 'http://rera:40949/']: sec=0.00, result=[1, '', 0]
[rosmaster.master][INFO] 2026-03-11 21:49:04,931: +PUB [/rosout] /rostopic_35684_1773236944765 http://rera:42577/
[rosmaster.master][INFO] 2026-03-11 21:49:04,935: +SUB [/clock] /rostopic_35684_1773236944765 http://rera:42577/
[rosmaster.master][INFO] 2026-03-11 21:49:04,940: +SERVICE [/rostopic_35684_1773236944765/get_loggers] /rostopic_35684_1773236944765 http://rera:42577/
[rosmaster.master][INFO] 2026-03-11 21:49:04,941: +SERVICE [/rostopic_35684_1773236944765/set_logger_level] /rostopic_35684_1773236944765 http://rera:42577/
[rosmaster.master][INFO] 2026-03-11 21:49:04,979: +SUB [/velodyne_points] /rostopic_35684_1773236944765 http://rera:42577/
[rosmaster.master][INFO] 2026-03-11 21:49:05,008: publisherUpdate[/rosout] -> http://rera:46411/ ['http://rera:37377/', 'http://rera:43327/', 'http://rera:42143/', 'http://rera:39649/', 'http://rera:33547/', 'http://rera:33525/', 'http://rera:40949/', 'http://rera:33433/', 'http://rera:42577/']
[rosmaster.master][INFO] 2026-03-11 21:49:05,009: publisherUpdate[/rosout] -> http://rera:46411/ ['http://rera:37377/', 'http://rera:43327/', 'http://rera:42143/', 'http://rera:39649/', 'http://rera:33547/', 'http://rera:33525/', 'http://rera:40949/', 'http://rera:33433/', 'http://rera:42577/']: sec=0.00, result=[1, '', 0]
[rosmaster.master][INFO] 2026-03-11 21:49:07,650: +PUB [/rosout] /rostopic_35758_1773236947468 http://rera:36787/
[rosmaster.master][INFO] 2026-03-11 21:49:07,652: +SUB [/clock] /rostopic_35758_1773236947468 http://rera:36787/
[rosmaster.master][INFO] 2026-03-11 21:49:07,656: +SERVICE [/rostopic_35758_1773236947468/get_loggers] /rostopic_35758_1773236947468 http://rera:36787/
[rosmaster.master][INFO] 2026-03-11 21:49:07,658: +SERVICE [/rostopic_35758_1773236947468/set_logger_level] /rostopic_35758_1773236947468 http://rera:36787/
[rosmaster.master][INFO] 2026-03-11 21:49:07,684: +SUB [/camera/imu] /rostopic_35758_1773236947468 http://rera:36787/
[rosmaster.master][INFO] 2026-03-11 21:49:07,716: publisherUpdate[/rosout] -> http://rera:46411/ ['http://rera:37377/', 'http://rera:43327/', 'http://rera:42143/', 'http://rera:39649/', 'http://rera:33547/', 'http://rera:33525/', 'http://rera:40949/', 'http://rera:33433/', 'http://rera:42577/', 'http://rera:36787/']
[rosmaster.master][INFO] 2026-03-11 21:49:07,717: publisherUpdate[/rosout] -> http://rera:46411/ ['http://rera:37377/', 'http://rera:43327/', 'http://rera:42143/', 'http://rera:39649/', 'http://rera:33547/', 'http://rera:33525/', 'http://rera:40949/', 'http://rera:33433/', 'http://rera:42577/', 'http://rera:36787/']: sec=0.00, result=[1, '', 0]
[rosmaster.master][INFO] 2026-03-11 21:49:09,814: +PUB [/rosout] /rostopic_35859_1773236949592 http://rera:34771/
[rosmaster.master][INFO] 2026-03-11 21:49:09,817: +SUB [/clock] /rostopic_35859_1773236949592 http://rera:34771/
[rosmaster.master][INFO] 2026-03-11 21:49:09,823: +SERVICE [/rostopic_35859_1773236949592/get_loggers] /rostopic_35859_1773236949592 http://rera:34771/
[rosmaster.master][INFO] 2026-03-11 21:49:09,824: publisherUpdate[/rosout] -> http://rera:46411/ ['http://rera:37377/', 'http://rera:43327/', 'http://rera:42143/', 'http://rera:39649/', 'http://rera:33547/', 'http://rera:33525/', 'http://rera:40949/', 'http://rera:33433/', 'http://rera:42577/', 'http://rera:36787/', 'http://rera:34771/']
[rosmaster.master][INFO] 2026-03-11 21:49:09,825: +SERVICE [/rostopic_35859_1773236949592/set_logger_level] /rostopic_35859_1773236949592 http://rera:34771/
[rosmaster.master][INFO] 2026-03-11 21:49:09,827: publisherUpdate[/rosout] -> http://rera:46411/ ['http://rera:37377/', 'http://rera:43327/', 'http://rera:42143/', 'http://rera:39649/', 'http://rera:33547/', 'http://rera:33525/', 'http://rera:40949/', 'http://rera:33433/', 'http://rera:42577/', 'http://rera:36787/', 'http://rera:34771/']: sec=0.00, result=[1, '', 0]
[rosmaster.master][INFO] 2026-03-11 21:49:09,866: +SUB [/camera/imu] /rostopic_35859_1773236949592 http://rera:34771/
[rosmaster.master][INFO] 2026-03-11 21:49:10,229: +PUB [/rosout] /rostopic_35920_1773236950061 http://rera:44649/
[rosmaster.master][INFO] 2026-03-11 21:49:10,229: publisherUpdate[/rosout] -> http://rera:46411/ ['http://rera:37377/', 'http://rera:43327/', 'http://rera:42143/', 'http://rera:39649/', 'http://rera:33547/', 'http://rera:33525/', 'http://rera:40949/', 'http://rera:33433/', 'http://rera:42577/', 'http://rera:36787/', 'http://rera:34771/', 'http://rera:44649/']
[rosmaster.master][INFO] 2026-03-11 21:49:10,232: publisherUpdate[/rosout] -> http://rera:46411/ ['http://rera:37377/', 'http://rera:43327/', 'http://rera:42143/', 'http://rera:39649/', 'http://rera:33547/', 'http://rera:33525/', 'http://rera:40949/', 'http://rera:33433/', 'http://rera:42577/', 'http://rera:36787/', 'http://rera:34771/', 'http://rera:44649/']: sec=0.00, result=[1, '', 0]
[rosmaster.master][INFO] 2026-03-11 21:49:10,235: +SUB [/clock] /rostopic_35920_1773236950061 http://rera:44649/
[rosmaster.master][INFO] 2026-03-11 21:49:10,242: +SERVICE [/rostopic_35920_1773236950061/get_loggers] /rostopic_35920_1773236950061 http://rera:44649/
[rosmaster.master][INFO] 2026-03-11 21:49:10,243: +SERVICE [/rostopic_35920_1773236950061/set_logger_level] /rostopic_35920_1773236950061 http://rera:44649/
[rosmaster.master][INFO] 2026-03-11 21:49:10,269: -SUB [/clock] /rostopic_35859_1773236949592 http://rera:34771/
[rosmaster.master][INFO] 2026-03-11 21:49:10,269: -SUB [/camera/imu] /rostopic_35859_1773236949592 http://rera:34771/
[rosmaster.master][INFO] 2026-03-11 21:49:10,269: -PUB [/rosout] /rostopic_35859_1773236949592 http://rera:34771/
[rosmaster.master][INFO] 2026-03-11 21:49:10,270: -SERVICE [/rostopic_35859_1773236949592/get_loggers] /rostopic_35859_1773236949592 rosrpc://rera:39997
[rosmaster.master][INFO] 2026-03-11 21:49:10,270: -SERVICE [/rostopic_35859_1773236949592/set_logger_level] /rostopic_35859_1773236949592 rosrpc://rera:39997
[rosmaster.master][INFO] 2026-03-11 21:49:10,289: +SUB [/velodyne_points] /rostopic_35920_1773236950061 http://rera:44649/
[rosmaster.master][INFO] 2026-03-11 21:49:10,327: publisherUpdate[/rosout] -> http://rera:46411/ ['http://rera:37377/', 'http://rera:43327/', 'http://rera:42143/', 'http://rera:39649/', 'http://rera:33547/', 'http://rera:33525/', 'http://rera:40949/', 'http://rera:33433/', 'http://rera:42577/', 'http://rera:36787/', 'http://rera:44649/']
[rosmaster.master][INFO] 2026-03-11 21:49:10,337: publisherUpdate[/rosout] -> http://rera:46411/ ['http://rera:37377/', 'http://rera:43327/', 'http://rera:42143/', 'http://rera:39649/', 'http://rera:33547/', 'http://rera:33525/', 'http://rera:40949/', 'http://rera:33433/', 'http://rera:42577/', 'http://rera:36787/', 'http://rera:44649/']: sec=0.01, result=[1, '', 0]
[rosmaster.master][INFO] 2026-03-11 21:49:10,793: -SUB [/clock] /rostopic_35920_1773236950061 http://rera:44649/
[rosmaster.master][INFO] 2026-03-11 21:49:10,793: -SUB [/velodyne_points] /rostopic_35920_1773236950061 http://rera:44649/
[rosmaster.master][INFO] 2026-03-11 21:49:10,793: -PUB [/rosout] /rostopic_35920_1773236950061 http://rera:44649/
[rosmaster.master][INFO] 2026-03-11 21:49:10,794: -SERVICE [/rostopic_35920_1773236950061/get_loggers] /rostopic_35920_1773236950061 rosrpc://rera:37017
[rosmaster.master][INFO] 2026-03-11 21:49:10,794: -SERVICE [/rostopic_35920_1773236950061/set_logger_level] /rostopic_35920_1773236950061 rosrpc://rera:37017
[rosmaster.master][INFO] 2026-03-11 21:49:10,835: publisherUpdate[/rosout] -> http://rera:46411/ ['http://rera:37377/', 'http://rera:43327/', 'http://rera:42143/', 'http://rera:39649/', 'http://rera:33547/', 'http://rera:33525/', 'http://rera:40949/', 'http://rera:33433/', 'http://rera:42577/', 'http://rera:36787/']
[rosmaster.master][INFO] 2026-03-11 21:49:10,836: publisherUpdate[/rosout] -> http://rera:46411/ ['http://rera:37377/', 'http://rera:43327/', 'http://rera:42143/', 'http://rera:39649/', 'http://rera:33547/', 'http://rera:33525/', 'http://rera:40949/', 'http://rera:33433/', 'http://rera:42577/', 'http://rera:36787/']: sec=0.00, result=[1, '', 0]
[rosmaster.master][INFO] 2026-03-11 21:49:10,882: +PUB [/rosout] /rostopic_36001_1773236950710 http://rera:34135/
[rosmaster.master][INFO] 2026-03-11 21:49:10,886: +SUB [/clock] /rostopic_36001_1773236950710 http://rera:34135/
[rosmaster.master][INFO] 2026-03-11 21:49:10,889: +SERVICE [/rostopic_36001_1773236950710/get_loggers] /rostopic_36001_1773236950710 http://rera:34135/
[rosmaster.master][INFO] 2026-03-11 21:49:10,891: +SERVICE [/rostopic_36001_1773236950710/set_logger_level] /rostopic_36001_1773236950710 http://rera:34135/
[rosmaster.master][INFO] 2026-03-11 21:49:10,936: publisherUpdate[/rosout] -> http://rera:46411/ ['http://rera:37377/', 'http://rera:43327/', 'http://rera:42143/', 'http://rera:39649/', 'http://rera:33547/', 'http://rera:33525/', 'http://rera:40949/', 'http://rera:33433/', 'http://rera:42577/', 'http://rera:36787/', 'http://rera:34135/']
[rosmaster.master][INFO] 2026-03-11 21:49:10,937: publisherUpdate[/rosout] -> http://rera:46411/ ['http://rera:37377/', 'http://rera:43327/', 'http://rera:42143/', 'http://rera:39649/', 'http://rera:33547/', 'http://rera:33525/', 'http://rera:40949/', 'http://rera:33433/', 'http://rera:42577/', 'http://rera:36787/', 'http://rera:34135/']: sec=0.00, result=[1, '', 0]
[rosmaster.master][INFO] 2026-03-11 21:49:11,300: -SUB [/clock] /rostopic_36001_1773236950710 http://rera:34135/
[rosmaster.master][INFO] 2026-03-11 21:49:11,301: -PUB [/rosout] /rostopic_36001_1773236950710 http://rera:34135/
[rosmaster.master][INFO] 2026-03-11 21:49:11,301: -SERVICE [/rostopic_36001_1773236950710/get_loggers] /rostopic_36001_1773236950710 rosrpc://rera:34851
[rosmaster.master][INFO] 2026-03-11 21:49:11,301: -SERVICE [/rostopic_36001_1773236950710/set_logger_level] /rostopic_36001_1773236950710 rosrpc://rera:34851
[rosmaster.master][INFO] 2026-03-11 21:49:11,337: publisherUpdate[/rosout] -> http://rera:46411/ ['http://rera:37377/', 'http://rera:43327/', 'http://rera:42143/', 'http://rera:39649/', 'http://rera:33547/', 'http://rera:33525/', 'http://rera:40949/', 'http://rera:33433/', 'http://rera:42577/', 'http://rera:36787/']
[rosmaster.master][INFO] 2026-03-11 21:49:11,339: publisherUpdate[/rosout] -> http://rera:46411/ ['http://rera:37377/', 'http://rera:43327/', 'http://rera:42143/', 'http://rera:39649/', 'http://rera:33547/', 'http://rera:33525/', 'http://rera:40949/', 'http://rera:33433/', 'http://rera:42577/', 'http://rera:36787/']: sec=0.00, result=[1, '', 0]
[rosmaster.master][INFO] 2026-03-11 21:49:16,241: -SUB [/clock] /rostopic_35684_1773236944765 http://rera:42577/
[rosmaster.master][INFO] 2026-03-11 21:49:16,242: -SUB [/velodyne_points] /rostopic_35684_1773236944765 http://rera:42577/
[rosmaster.master][INFO] 2026-03-11 21:49:16,242: -PUB [/rosout] /rostopic_35684_1773236944765 http://rera:42577/
[rosmaster.master][INFO] 2026-03-11 21:49:16,242: -SERVICE [/rostopic_35684_1773236944765/get_loggers] /rostopic_35684_1773236944765 rosrpc://rera:41323
[rosmaster.master][INFO] 2026-03-11 21:49:16,242: -SERVICE [/rostopic_35684_1773236944765/set_logger_level] /rostopic_35684_1773236944765 rosrpc://rera:41323
[rosmaster.master][INFO] 2026-03-11 21:49:16,251: publisherUpdate[/rosout] -> http://rera:46411/ ['http://rera:37377/', 'http://rera:43327/', 'http://rera:42143/', 'http://rera:39649/', 'http://rera:33547/', 'http://rera:33525/', 'http://rera:40949/', 'http://rera:33433/', 'http://rera:36787/']
[rosmaster.master][INFO] 2026-03-11 21:49:16,252: publisherUpdate[/rosout] -> http://rera:46411/ ['http://rera:37377/', 'http://rera:43327/', 'http://rera:42143/', 'http://rera:39649/', 'http://rera:33547/', 'http://rera:33525/', 'http://rera:40949/', 'http://rera:33433/', 'http://rera:36787/']: sec=0.00, result=[1, '', 0]
[rosmaster.master][INFO] 2026-03-11 21:49:18,893: -SUB [/clock] /rostopic_35758_1773236947468 http://rera:36787/
[rosmaster.master][INFO] 2026-03-11 21:49:18,893: -SUB [/camera/imu] /rostopic_35758_1773236947468 http://rera:36787/
[rosmaster.master][INFO] 2026-03-11 21:49:18,893: -PUB [/rosout] /rostopic_35758_1773236947468 http://rera:36787/
[rosmaster.master][INFO] 2026-03-11 21:49:18,893: -SERVICE [/rostopic_35758_1773236947468/get_loggers] /rostopic_35758_1773236947468 rosrpc://rera:35659
[rosmaster.master][INFO] 2026-03-11 21:49:18,893: -SERVICE [/rostopic_35758_1773236947468/set_logger_level] /rostopic_35758_1773236947468 rosrpc://rera:35659
[rosmaster.master][INFO] 2026-03-11 21:49:18,960: publisherUpdate[/rosout] -> http://rera:46411/ ['http://rera:37377/', 'http://rera:43327/', 'http://rera:42143/', 'http://rera:39649/', 'http://rera:33547/', 'http://rera:33525/', 'http://rera:40949/', 'http://rera:33433/']
[rosmaster.master][INFO] 2026-03-11 21:49:18,961: publisherUpdate[/rosout] -> http://rera:46411/ ['http://rera:37377/', 'http://rera:43327/', 'http://rera:42143/', 'http://rera:39649/', 'http://rera:33547/', 'http://rera:33525/', 'http://rera:40949/', 'http://rera:33433/']: sec=0.00, result=[1, '', 0]
[rosmaster.master][INFO] 2026-03-11 21:50:47,282: +PUB [/rosout] /rostopic_36165_1773237047104 http://rera:40235/
[rosmaster.master][INFO] 2026-03-11 21:50:47,287: +SUB [/clock] /rostopic_36165_1773237047104 http://rera:40235/
[rosmaster.master][INFO] 2026-03-11 21:50:47,290: +SERVICE [/rostopic_36165_1773237047104/get_loggers] /rostopic_36165_1773237047104 http://rera:40235/
[rosmaster.master][INFO] 2026-03-11 21:50:47,293: +SERVICE [/rostopic_36165_1773237047104/set_logger_level] /rostopic_36165_1773237047104 http://rera:40235/
[rosmaster.master][INFO] 2026-03-11 21:50:47,300: publisherUpdate[/rosout] -> http://rera:46411/ ['http://rera:37377/', 'http://rera:43327/', 'http://rera:42143/', 'http://rera:39649/', 'http://rera:33547/', 'http://rera:33525/', 'http://rera:40949/', 'http://rera:33433/', 'http://rera:40235/']
[rosmaster.master][INFO] 2026-03-11 21:50:47,301: publisherUpdate[/rosout] -> http://rera:46411/ ['http://rera:37377/', 'http://rera:43327/', 'http://rera:42143/', 'http://rera:39649/', 'http://rera:33547/', 'http://rera:33525/', 'http://rera:40949/', 'http://rera:33433/', 'http://rera:40235/']: sec=0.00, result=[1, '', 0]
[rosmaster.master][INFO] 2026-03-11 21:50:47,332: +SUB [/path] /rostopic_36165_1773237047104 http://rera:40235/
[rosmaster.master][INFO] 2026-03-11 21:50:48,720: +PUB [/rosout] /rostopic_36257_1773237048537 http://rera:34969/
[rosmaster.master][INFO] 2026-03-11 21:50:48,726: +SUB [/clock] /rostopic_36257_1773237048537 http://rera:34969/
[rosmaster.master][INFO] 2026-03-11 21:50:48,731: +SERVICE [/rostopic_36257_1773237048537/get_loggers] /rostopic_36257_1773237048537 http://rera:34969/
[rosmaster.master][INFO] 2026-03-11 21:50:48,733: +SERVICE [/rostopic_36257_1773237048537/set_logger_level] /rostopic_36257_1773237048537 http://rera:34969/
[rosmaster.master][INFO] 2026-03-11 21:50:48,775: +SUB [/cloud_registered] /rostopic_36257_1773237048537 http://rera:34969/
[rosmaster.master][INFO] 2026-03-11 21:50:48,806: publisherUpdate[/rosout] -> http://rera:46411/ ['http://rera:37377/', 'http://rera:43327/', 'http://rera:42143/', 'http://rera:39649/', 'http://rera:33547/', 'http://rera:33525/', 'http://rera:40949/', 'http://rera:33433/', 'http://rera:40235/', 'http://rera:34969/']
[rosmaster.master][INFO] 2026-03-11 21:50:48,808: publisherUpdate[/rosout] -> http://rera:46411/ ['http://rera:37377/', 'http://rera:43327/', 'http://rera:42143/', 'http://rera:39649/', 'http://rera:33547/', 'http://rera:33525/', 'http://rera:40949/', 'http://rera:33433/', 'http://rera:40235/', 'http://rera:34969/']: sec=0.00, result=[1, '', 0]
[rosmaster.master][INFO] 2026-03-11 21:50:49,365: +PUB [/rosout] /rostopic_36285_1773237049170 http://rera:45585/
[rosmaster.master][INFO] 2026-03-11 21:50:49,370: +SUB [/clock] /rostopic_36285_1773237049170 http://rera:45585/
[rosmaster.master][INFO] 2026-03-11 21:50:49,377: +SERVICE [/rostopic_36285_1773237049170/get_loggers] /rostopic_36285_1773237049170 http://rera:45585/
[rosmaster.master][INFO] 2026-03-11 21:50:49,379: +SERVICE [/rostopic_36285_1773237049170/set_logger_level] /rostopic_36285_1773237049170 http://rera:45585/
[rosmaster.master][INFO] 2026-03-11 21:50:49,408: publisherUpdate[/rosout] -> http://rera:46411/ ['http://rera:37377/', 'http://rera:43327/', 'http://rera:42143/', 'http://rera:39649/', 'http://rera:33547/', 'http://rera:33525/', 'http://rera:40949/', 'http://rera:33433/', 'http://rera:40235/', 'http://rera:34969/', 'http://rera:45585/']
[rosmaster.master][INFO] 2026-03-11 21:50:49,410: publisherUpdate[/rosout] -> http://rera:46411/ ['http://rera:37377/', 'http://rera:43327/', 'http://rera:42143/', 'http://rera:39649/', 'http://rera:33547/', 'http://rera:33525/', 'http://rera:40949/', 'http://rera:33433/', 'http://rera:40235/', 'http://rera:34969/', 'http://rera:45585/']: sec=0.00, result=[1, '', 0]
[rosmaster.master][INFO] 2026-03-11 21:50:49,427: +SUB [/cloud_registered] /rostopic_36285_1773237049170 http://rera:45585/
[rosmaster.master][INFO] 2026-03-11 21:50:49,934: -SUB [/clock] /rostopic_36285_1773237049170 http://rera:45585/
[rosmaster.master][INFO] 2026-03-11 21:50:49,935: -SUB [/cloud_registered] /rostopic_36285_1773237049170 http://rera:45585/
[rosmaster.master][INFO] 2026-03-11 21:50:49,935: -PUB [/rosout] /rostopic_36285_1773237049170 http://rera:45585/
[rosmaster.master][INFO] 2026-03-11 21:50:49,935: -SERVICE [/rostopic_36285_1773237049170/get_loggers] /rostopic_36285_1773237049170 rosrpc://rera:45083
[rosmaster.master][INFO] 2026-03-11 21:50:49,935: -SERVICE [/rostopic_36285_1773237049170/set_logger_level] /rostopic_36285_1773237049170 rosrpc://rera:45083
[rosmaster.master][INFO] 2026-03-11 21:50:50,013: publisherUpdate[/rosout] -> http://rera:46411/ ['http://rera:37377/', 'http://rera:43327/', 'http://rera:42143/', 'http://rera:39649/', 'http://rera:33547/', 'http://rera:33525/', 'http://rera:40949/', 'http://rera:33433/', 'http://rera:40235/', 'http://rera:34969/']
[rosmaster.master][INFO] 2026-03-11 21:50:50,015: publisherUpdate[/rosout] -> http://rera:46411/ ['http://rera:37377/', 'http://rera:43327/', 'http://rera:42143/', 'http://rera:39649/', 'http://rera:33547/', 'http://rera:33525/', 'http://rera:40949/', 'http://rera:33433/', 'http://rera:40235/', 'http://rera:34969/']: sec=0.00, result=[1, '', 0]
[rosmaster.master][INFO] 2026-03-11 21:50:50,022: +PUB [/rosout] /rostopic_36385_1773237049788 http://rera:37095/
[rosmaster.master][INFO] 2026-03-11 21:50:50,027: +SUB [/clock] /rostopic_36385_1773237049788 http://rera:37095/
[rosmaster.master][INFO] 2026-03-11 21:50:50,033: +SERVICE [/rostopic_36385_1773237049788/get_loggers] /rostopic_36385_1773237049788 http://rera:37095/
[rosmaster.master][INFO] 2026-03-11 21:50:50,035: +SERVICE [/rostopic_36385_1773237049788/set_logger_level] /rostopic_36385_1773237049788 http://rera:37095/
[rosmaster.master][INFO] 2026-03-11 21:50:50,075: +SUB [/Laser_map] /rostopic_36385_1773237049788 http://rera:37095/
[rosmaster.master][INFO] 2026-03-11 21:50:50,114: publisherUpdate[/rosout] -> http://rera:46411/ ['http://rera:37377/', 'http://rera:43327/', 'http://rera:42143/', 'http://rera:39649/', 'http://rera:33547/', 'http://rera:33525/', 'http://rera:40949/', 'http://rera:33433/', 'http://rera:40235/', 'http://rera:34969/', 'http://rera:37095/']
[rosmaster.master][INFO] 2026-03-11 21:50:50,116: publisherUpdate[/rosout] -> http://rera:46411/ ['http://rera:37377/', 'http://rera:43327/', 'http://rera:42143/', 'http://rera:39649/', 'http://rera:33547/', 'http://rera:33525/', 'http://rera:40949/', 'http://rera:33433/', 'http://rera:40235/', 'http://rera:34969/', 'http://rera:37095/']: sec=0.00, result=[1, '', 0]
[rosmaster.master][INFO] 2026-03-11 21:50:50,525: +PUB [/rosout] /rostopic_36422_1773237050338 http://rera:40223/
[rosmaster.master][INFO] 2026-03-11 21:50:50,529: +SUB [/clock] /rostopic_36422_1773237050338 http://rera:40223/
[rosmaster.master][INFO] 2026-03-11 21:50:50,533: +SERVICE [/rostopic_36422_1773237050338/get_loggers] /rostopic_36422_1773237050338 http://rera:40223/
[rosmaster.master][INFO] 2026-03-11 21:50:50,535: +SERVICE [/rostopic_36422_1773237050338/set_logger_level] /rostopic_36422_1773237050338 http://rera:40223/
[rosmaster.master][INFO] 2026-03-11 21:50:50,588: +SUB [/Laser_map] /rostopic_36422_1773237050338 http://rera:40223/
[rosmaster.master][INFO] 2026-03-11 21:50:50,618: publisherUpdate[/rosout] -> http://rera:46411/ ['http://rera:37377/', 'http://rera:43327/', 'http://rera:42143/', 'http://rera:39649/', 'http://rera:33547/', 'http://rera:33525/', 'http://rera:40949/', 'http://rera:33433/', 'http://rera:40235/', 'http://rera:34969/', 'http://rera:37095/', 'http://rera:40223/']
[rosmaster.master][INFO] 2026-03-11 21:50:50,620: publisherUpdate[/rosout] -> http://rera:46411/ ['http://rera:37377/', 'http://rera:43327/', 'http://rera:42143/', 'http://rera:39649/', 'http://rera:33547/', 'http://rera:33525/', 'http://rera:40949/', 'http://rera:33433/', 'http://rera:40235/', 'http://rera:34969/', 'http://rera:37095/', 'http://rera:40223/']: sec=0.00, result=[1, '', 0]
[rosmaster.master][INFO] 2026-03-11 21:50:50,647: -SUB [/clock] /rostopic_36165_1773237047104 http://rera:40235/
[rosmaster.master][INFO] 2026-03-11 21:50:50,647: -SUB [/path] /rostopic_36165_1773237047104 http://rera:40235/
[rosmaster.master][INFO] 2026-03-11 21:50:50,648: -PUB [/rosout] /rostopic_36165_1773237047104 http://rera:40235/
[rosmaster.master][INFO] 2026-03-11 21:50:50,649: -SERVICE [/rostopic_36165_1773237047104/get_loggers] /rostopic_36165_1773237047104 rosrpc://rera:37595
[rosmaster.master][INFO] 2026-03-11 21:50:50,649: -SERVICE [/rostopic_36165_1773237047104/set_logger_level] /rostopic_36165_1773237047104 rosrpc://rera:37595
[rosmaster.master][INFO] 2026-03-11 21:50:50,719: publisherUpdate[/rosout] -> http://rera:46411/ ['http://rera:37377/', 'http://rera:43327/', 'http://rera:42143/', 'http://rera:39649/', 'http://rera:33547/', 'http://rera:33525/', 'http://rera:40949/', 'http://rera:33433/', 'http://rera:34969/', 'http://rera:37095/', 'http://rera:40223/']
[rosmaster.master][INFO] 2026-03-11 21:50:50,720: publisherUpdate[/rosout] -> http://rera:46411/ ['http://rera:37377/', 'http://rera:43327/', 'http://rera:42143/', 'http://rera:39649/', 'http://rera:33547/', 'http://rera:33525/', 'http://rera:40949/', 'http://rera:33433/', 'http://rera:34969/', 'http://rera:37095/', 'http://rera:40223/']: sec=0.00, result=[1, '', 0]
[rosmaster.master][INFO] 2026-03-11 21:50:55,911: -SUB [/clock] /rostopic_36257_1773237048537 http://rera:34969/
[rosmaster.master][INFO] 2026-03-11 21:50:55,911: -SUB [/cloud_registered] /rostopic_36257_1773237048537 http://rera:34969/
[rosmaster.master][INFO] 2026-03-11 21:50:55,911: -PUB [/rosout] /rostopic_36257_1773237048537 http://rera:34969/
[rosmaster.master][INFO] 2026-03-11 21:50:55,911: -SERVICE [/rostopic_36257_1773237048537/get_loggers] /rostopic_36257_1773237048537 rosrpc://rera:40549
[rosmaster.master][INFO] 2026-03-11 21:50:55,912: -SERVICE [/rostopic_36257_1773237048537/set_logger_level] /rostopic_36257_1773237048537 rosrpc://rera:40549
[rosmaster.master][INFO] 2026-03-11 21:50:55,935: publisherUpdate[/rosout] -> http://rera:46411/ ['http://rera:37377/', 'http://rera:43327/', 'http://rera:42143/', 'http://rera:39649/', 'http://rera:33547/', 'http://rera:33525/', 'http://rera:40949/', 'http://rera:33433/', 'http://rera:37095/', 'http://rera:40223/']
[rosmaster.master][INFO] 2026-03-11 21:50:55,936: publisherUpdate[/rosout] -> http://rera:46411/ ['http://rera:37377/', 'http://rera:43327/', 'http://rera:42143/', 'http://rera:39649/', 'http://rera:33547/', 'http://rera:33525/', 'http://rera:40949/', 'http://rera:33433/', 'http://rera:37095/', 'http://rera:40223/']: sec=0.00, result=[1, '', 0]
[rosmaster.master][INFO] 2026-03-11 21:50:57,079: -SUB [/clock] /rostopic_36385_1773237049788 http://rera:37095/
[rosmaster.master][INFO] 2026-03-11 21:50:57,079: -SUB [/Laser_map] /rostopic_36385_1773237049788 http://rera:37095/
[rosmaster.master][INFO] 2026-03-11 21:50:57,079: -PUB [/rosout] /rostopic_36385_1773237049788 http://rera:37095/
[rosmaster.master][INFO] 2026-03-11 21:50:57,080: -SERVICE [/rostopic_36385_1773237049788/get_loggers] /rostopic_36385_1773237049788 rosrpc://rera:39787
[rosmaster.master][INFO] 2026-03-11 21:50:57,080: -SERVICE [/rostopic_36385_1773237049788/set_logger_level] /rostopic_36385_1773237049788 rosrpc://rera:39787
[rosmaster.master][INFO] 2026-03-11 21:50:57,140: publisherUpdate[/rosout] -> http://rera:46411/ ['http://rera:37377/', 'http://rera:43327/', 'http://rera:42143/', 'http://rera:39649/', 'http://rera:33547/', 'http://rera:33525/', 'http://rera:40949/', 'http://rera:33433/', 'http://rera:40223/']
[rosmaster.master][INFO] 2026-03-11 21:50:57,142: publisherUpdate[/rosout] -> http://rera:46411/ ['http://rera:37377/', 'http://rera:43327/', 'http://rera:42143/', 'http://rera:39649/', 'http://rera:33547/', 'http://rera:33525/', 'http://rera:40949/', 'http://rera:33433/', 'http://rera:40223/']: sec=0.00, result=[1, '', 0]
[rosmaster.master][INFO] 2026-03-11 21:53:58,606: +PUB [/rosout] /tf_echo_1773237238602384074 http://rera:42635/
[rosmaster.master][INFO] 2026-03-11 21:53:58,606: +SERVICE [/tf_echo_1773237238602384074/get_loggers] /tf_echo_1773237238602384074 http://rera:42635/
[rosmaster.master][INFO] 2026-03-11 21:53:58,607: +SERVICE [/tf_echo_1773237238602384074/set_logger_level] /tf_echo_1773237238602384074 http://rera:42635/
[rosmaster.master][INFO] 2026-03-11 21:53:58,613: +SUB [/clock] /tf_echo_1773237238602384074 http://rera:42635/
[rosmaster.master][INFO] 2026-03-11 21:53:58,620: +SUB [/tf] /tf_echo_1773237238602384074 http://rera:42635/
[rosmaster.master][INFO] 2026-03-11 21:53:58,626: +SUB [/tf_static] /tf_echo_1773237238602384074 http://rera:42635/
[rosmaster.master][INFO] 2026-03-11 21:53:58,674: publisherUpdate[/rosout] -> http://rera:46411/ ['http://rera:37377/', 'http://rera:43327/', 'http://rera:42143/', 'http://rera:39649/', 'http://rera:33547/', 'http://rera:33525/', 'http://rera:40949/', 'http://rera:33433/', 'http://rera:40223/', 'http://rera:42635/']
[rosmaster.master][INFO] 2026-03-11 21:53:58,675: publisherUpdate[/rosout] -> http://rera:46411/ ['http://rera:37377/', 'http://rera:43327/', 'http://rera:42143/', 'http://rera:39649/', 'http://rera:33547/', 'http://rera:33525/', 'http://rera:40949/', 'http://rera:33433/', 'http://rera:40223/', 'http://rera:42635/']: sec=0.00, result=[1, '', 0]
[rosmaster.master][INFO] 2026-03-11 21:55:02,742: +PUB [/rosout] /rostopic_36836_1773237302561 http://rera:37237/
[rosmaster.master][INFO] 2026-03-11 21:55:02,745: +SUB [/clock] /rostopic_36836_1773237302561 http://rera:37237/
[rosmaster.master][INFO] 2026-03-11 21:55:02,749: +SERVICE [/rostopic_36836_1773237302561/get_loggers] /rostopic_36836_1773237302561 http://rera:37237/
[rosmaster.master][INFO] 2026-03-11 21:55:02,751: +SERVICE [/rostopic_36836_1773237302561/set_logger_level] /rostopic_36836_1773237302561 http://rera:37237/
[rosmaster.master][INFO] 2026-03-11 21:55:02,757: publisherUpdate[/rosout] -> http://rera:46411/ ['http://rera:37377/', 'http://rera:43327/', 'http://rera:42143/', 'http://rera:39649/', 'http://rera:33547/', 'http://rera:33525/', 'http://rera:40949/', 'http://rera:33433/', 'http://rera:40223/', 'http://rera:42635/', 'http://rera:37237/']
[rosmaster.master][INFO] 2026-03-11 21:55:02,758: publisherUpdate[/rosout] -> http://rera:46411/ ['http://rera:37377/', 'http://rera:43327/', 'http://rera:42143/', 'http://rera:39649/', 'http://rera:33547/', 'http://rera:33525/', 'http://rera:40949/', 'http://rera:33433/', 'http://rera:40223/', 'http://rera:42635/', 'http://rera:37237/']: sec=0.00, result=[1, '', 0]
[rosmaster.master][INFO] 2026-03-11 21:55:02,781: +SUB [/cloud_registered] /rostopic_36836_1773237302561 http://rera:37237/
[rosmaster.master][INFO] 2026-03-11 21:55:02,884: -SUB [/clock] /rostopic_36836_1773237302561 http://rera:37237/
[rosmaster.master][INFO] 2026-03-11 21:55:02,884: -SUB [/cloud_registered] /rostopic_36836_1773237302561 http://rera:37237/
[rosmaster.master][INFO] 2026-03-11 21:55:02,884: -PUB [/rosout] /rostopic_36836_1773237302561 http://rera:37237/
[rosmaster.master][INFO] 2026-03-11 21:55:02,884: -SERVICE [/rostopic_36836_1773237302561/get_loggers] /rostopic_36836_1773237302561 rosrpc://rera:36767
[rosmaster.master][INFO] 2026-03-11 21:55:02,884: -SERVICE [/rostopic_36836_1773237302561/set_logger_level] /rostopic_36836_1773237302561 rosrpc://rera:36767
[rosmaster.master][INFO] 2026-03-11 21:55:02,959: publisherUpdate[/rosout] -> http://rera:46411/ ['http://rera:37377/', 'http://rera:43327/', 'http://rera:42143/', 'http://rera:39649/', 'http://rera:33547/', 'http://rera:33525/', 'http://rera:40949/', 'http://rera:33433/', 'http://rera:40223/', 'http://rera:42635/']
[rosmaster.master][INFO] 2026-03-11 21:55:02,961: publisherUpdate[/rosout] -> http://rera:46411/ ['http://rera:37377/', 'http://rera:43327/', 'http://rera:42143/', 'http://rera:39649/', 'http://rera:33547/', 'http://rera:33525/', 'http://rera:40949/', 'http://rera:33433/', 'http://rera:40223/', 'http://rera:42635/']: sec=0.00, result=[1, '', 0]
[rosmaster.master][INFO] 2026-03-11 21:55:04,244: +PUB [/rosout] /rostopic_36817_1773237304165 http://rera:34481/
[rosmaster.master][INFO] 2026-03-11 21:55:04,250: +SUB [/clock] /rostopic_36817_1773237304165 http://rera:34481/
[rosmaster.master][INFO] 2026-03-11 21:55:04,254: +SERVICE [/rostopic_36817_1773237304165/get_loggers] /rostopic_36817_1773237304165 http://rera:34481/
[rosmaster.master][INFO] 2026-03-11 21:55:04,255: +SERVICE [/rostopic_36817_1773237304165/set_logger_level] /rostopic_36817_1773237304165 http://rera:34481/
[rosmaster.master][INFO] 2026-03-11 21:55:04,266: publisherUpdate[/rosout] -> http://rera:46411/ ['http://rera:37377/', 'http://rera:43327/', 'http://rera:42143/', 'http://rera:39649/', 'http://rera:33547/', 'http://rera:33525/', 'http://rera:40949/', 'http://rera:33433/', 'http://rera:40223/', 'http://rera:42635/', 'http://rera:34481/']
[rosmaster.master][INFO] 2026-03-11 21:55:04,269: publisherUpdate[/rosout] -> http://rera:46411/ ['http://rera:37377/', 'http://rera:43327/', 'http://rera:42143/', 'http://rera:39649/', 'http://rera:33547/', 'http://rera:33525/', 'http://rera:40949/', 'http://rera:33433/', 'http://rera:40223/', 'http://rera:42635/', 'http://rera:34481/']: sec=0.00, result=[1, '', 0]
[rosmaster.master][INFO] 2026-03-11 21:55:04,316: +SUB [/cloud_registered] /rostopic_36817_1773237304165 http://rera:34481/
[rosmaster.master][INFO] 2026-03-11 21:55:04,721: -SUB [/clock] /rostopic_36817_1773237304165 http://rera:34481/
[rosmaster.master][INFO] 2026-03-11 21:55:04,722: -SUB [/cloud_registered] /rostopic_36817_1773237304165 http://rera:34481/
[rosmaster.master][INFO] 2026-03-11 21:55:04,722: -PUB [/rosout] /rostopic_36817_1773237304165 http://rera:34481/
[rosmaster.master][INFO] 2026-03-11 21:55:04,722: -SERVICE [/rostopic_36817_1773237304165/get_loggers] /rostopic_36817_1773237304165 rosrpc://rera:46729
[rosmaster.master][INFO] 2026-03-11 21:55:04,723: -SERVICE [/rostopic_36817_1773237304165/set_logger_level] /rostopic_36817_1773237304165 rosrpc://rera:46729
[rosmaster.master][INFO] 2026-03-11 21:55:04,770: publisherUpdate[/rosout] -> http://rera:46411/ ['http://rera:37377/', 'http://rera:43327/', 'http://rera:42143/', 'http://rera:39649/', 'http://rera:33547/', 'http://rera:33525/', 'http://rera:40949/', 'http://rera:33433/', 'http://rera:40223/', 'http://rera:42635/']
[rosmaster.master][INFO] 2026-03-11 21:55:04,772: publisherUpdate[/rosout] -> http://rera:46411/ ['http://rera:37377/', 'http://rera:43327/', 'http://rera:42143/', 'http://rera:39649/', 'http://rera:33547/', 'http://rera:33525/', 'http://rera:40949/', 'http://rera:33433/', 'http://rera:40223/', 'http://rera:42635/']: sec=0.00, result=[1, '', 0]
[rosmaster.master][INFO] 2026-03-11 21:56:39,831: -PUB [/rosout] /rviz http://rera:33433/
[rosmaster.master][INFO] 2026-03-11 21:56:39,832: -PUB [/initialpose] /rviz http://rera:33433/
[rosmaster.master][INFO] 2026-03-11 21:56:39,833: -PUB [/move_base_simple/goal] /rviz http://rera:33433/
[rosmaster.master][INFO] 2026-03-11 21:56:39,835: -PUB [/clicked_point] /rviz http://rera:33433/
[rosmaster.master][INFO] 2026-03-11 21:56:39,835: -SUB [/clock] /rviz http://rera:33433/
[rosmaster.master][INFO] 2026-03-11 21:56:39,836: -SUB [/tf] /rviz http://rera:33433/
[rosmaster.master][INFO] 2026-03-11 21:56:39,838: -SUB [/tf_static] /rviz http://rera:33433/
[rosmaster.master][INFO] 2026-03-11 21:56:39,839: -SUB [/Odometry] /rviz http://rera:33433/
[rosmaster.master][INFO] 2026-03-11 21:56:39,839: -SUB [/cloud_registered] /rviz http://rera:33433/
[rosmaster.master][INFO] 2026-03-11 21:56:39,840: -SUB [/path] /rviz http://rera:33433/
[rosmaster.master][INFO] 2026-03-11 21:56:39,842: -SERVICE [/rviz/get_loggers] /rviz rosrpc://rera:53167
[rosmaster.master][INFO] 2026-03-11 21:56:39,843: -SERVICE [/rviz/set_logger_level] /rviz rosrpc://rera:53167
[rosmaster.master][INFO] 2026-03-11 21:56:39,843: -SERVICE [/rviz/reload_shaders] /rviz rosrpc://rera:53167
[rosmaster.master][INFO] 2026-03-11 21:56:39,844: -SERVICE [/rviz/load_config] /rviz rosrpc://rera:53167
[rosmaster.master][INFO] 2026-03-11 21:56:39,845: -SERVICE [/rviz/load_config_discarding_changes] /rviz rosrpc://rera:53167
[rosmaster.master][INFO] 2026-03-11 21:56:39,846: -SERVICE [/rviz/save_config] /rviz rosrpc://rera:53167
[rosmaster.master][INFO] 2026-03-11 21:56:39,848: -CACHEDPARAM [/rosout_disable_topics_generation] by /rviz
[rosmaster.master][INFO] 2026-03-11 21:56:39,875: publisherUpdate[/rosout] -> http://rera:46411/ ['http://rera:37377/', 'http://rera:43327/', 'http://rera:42143/', 'http://rera:39649/', 'http://rera:33547/', 'http://rera:33525/', 'http://rera:40949/', 'http://rera:40223/', 'http://rera:42635/']
[rosmaster.master][INFO] 2026-03-11 21:56:39,876: publisherUpdate[/rosout] -> http://rera:46411/ ['http://rera:37377/', 'http://rera:43327/', 'http://rera:42143/', 'http://rera:39649/', 'http://rera:33547/', 'http://rera:33525/', 'http://rera:40949/', 'http://rera:40223/', 'http://rera:42635/']: sec=0.00, result=[1, '', 0]
[rosmaster.master][INFO] 2026-03-11 21:56:40,047: -PUB [/path] /laserMapping http://rera:40949/
[rosmaster.master][INFO] 2026-03-11 21:56:40,048: -PUB [/Odometry] /laserMapping http://rera:40949/
[rosmaster.master][INFO] 2026-03-11 21:56:40,049: -PUB [/Laser_map] /laserMapping http://rera:40949/
[rosmaster.master][INFO] 2026-03-11 21:56:40,051: -PUB [/cloud_effected] /laserMapping http://rera:40949/
[rosmaster.master][INFO] 2026-03-11 21:56:40,052: -PUB [/cloud_registered_body] /laserMapping http://rera:40949/
[rosmaster.master][INFO] 2026-03-11 21:56:40,053: -PUB [/cloud_registered] /laserMapping http://rera:40949/
[rosmaster.master][INFO] 2026-03-11 21:56:40,054: -SUB [/camera/imu] /laserMapping http://rera:40949/
[rosmaster.master][INFO] 2026-03-11 21:56:40,055: -SUB [/velodyne_points] /laserMapping http://rera:40949/
[rosmaster.master][INFO] 2026-03-11 21:56:40,057: -PUB [/tf] /laserMapping http://rera:40949/
[rosmaster.master][INFO] 2026-03-11 21:56:40,077: publisherUpdate[/Laser_map] -> http://rera:40223/ []
[rosmaster.master][INFO] 2026-03-11 21:56:40,079: publisherUpdate[/tf] -> http://rera:42635/ ['http://rera:37377/', 'http://rera:43327/', 'http://rera:42143/', 'http://rera:33547/']
[rosmaster.master][INFO] 2026-03-11 21:56:40,080: publisherUpdate[/tf] -> http://rera:42635/ ['http://rera:37377/', 'http://rera:43327/', 'http://rera:42143/', 'http://rera:33547/']: sec=0.00, exception=[Errno 111] Connection refused
[rosmaster.master][INFO] 2026-03-11 21:56:40,082: publisherUpdate[/Laser_map] -> http://rera:40223/ []: sec=0.00, result=[1, '', 0]
[rosmaster.threadpool][ERROR] 2026-03-11 21:56:40,086: Traceback (most recent call last):
  File "/opt/ros/noetic/lib/python3/dist-packages/rosmaster/threadpool.py", line 218, in run
    result = cmd(*args)
  File "/opt/ros/noetic/lib/python3/dist-packages/rosmaster/master_api.py", line 210, in publisher_update_task
    ret = xmlrpcapi(api).publisherUpdate('/master', topic, pub_uris)
  File "/usr/lib/python3.8/xmlrpc/client.py", line 1109, in __call__
    return self.__send(self.__name, args)
  File "/usr/lib/python3.8/xmlrpc/client.py", line 1450, in __request
    response = self.__transport.request(
  File "/usr/lib/python3.8/xmlrpc/client.py", line 1153, in request
    return self.single_request(host, handler, request_body, verbose)
  File "/usr/lib/python3.8/xmlrpc/client.py", line 1165, in single_request
    http_conn = self.send_request(host, handler, request_body, verbose)
  File "/usr/lib/python3.8/xmlrpc/client.py", line 1278, in send_request
    self.send_content(connection, request_body)
  File "/usr/lib/python3.8/xmlrpc/client.py", line 1308, in send_content
    connection.endheaders(request_body)
  File "/usr/lib/python3.8/http/client.py", line 1251, in endheaders
    self._send_output(message_body, encode_chunked=encode_chunked)
  File "/usr/lib/python3.8/http/client.py", line 1011, in _send_output
    self.send(msg)
  File "/usr/lib/python3.8/http/client.py", line 951, in send
    self.connect()
  File "/usr/lib/python3.8/http/client.py", line 922, in connect
    self.sock = self._create_connection(
  File "/usr/lib/python3.8/socket.py", line 808, in create_connection
    raise err
  File "/usr/lib/python3.8/socket.py", line 796, in create_connection
    sock.connect(sa)
ConnectionRefusedError: [Errno 111] Connection refused

[rosmaster.master][INFO] 2026-03-11 21:56:40,124: -PUB [/rosout] /laserMapping http://rera:40949/
[rosmaster.master][INFO] 2026-03-11 21:56:40,125: -SUB [/clock] /laserMapping http://rera:40949/
[rosmaster.master][INFO] 2026-03-11 21:56:40,127: -SERVICE [/laserMapping/get_loggers] /laserMapping rosrpc://rera:46487
[rosmaster.master][INFO] 2026-03-11 21:56:40,128: -SERVICE [/laserMapping/set_logger_level] /laserMapping rosrpc://rera:46487
[rosmaster.master][INFO] 2026-03-11 21:56:40,130: -CACHEDPARAM [/rosout_disable_topics_generation] by /laserMapping
[rosmaster.master][INFO] 2026-03-11 21:56:40,180: publisherUpdate[/rosout] -> http://rera:46411/ ['http://rera:37377/', 'http://rera:43327/', 'http://rera:42143/', 'http://rera:39649/', 'http://rera:33547/', 'http://rera:33525/', 'http://rera:40223/', 'http://rera:42635/']
[rosmaster.master][INFO] 2026-03-11 21:56:40,181: publisherUpdate[/rosout] -> http://rera:46411/ ['http://rera:37377/', 'http://rera:43327/', 'http://rera:42143/', 'http://rera:39649/', 'http://rera:33547/', 'http://rera:33525/', 'http://rera:40223/', 'http://rera:42635/']: sec=0.00, result=[1, '', 0]
[rosmaster.master][INFO] 2026-03-11 21:56:40,741: -PUB [/rosout] /robot_state_publisher http://rera:33547/
[rosmaster.master][INFO] 2026-03-11 21:56:40,742: -PUB [/tf] /robot_state_publisher http://rera:33547/
[rosmaster.master][INFO] 2026-03-11 21:56:40,743: -PUB [/tf_static] /robot_state_publisher http://rera:33547/
[rosmaster.master][INFO] 2026-03-11 21:56:40,744: -SUB [/clock] /robot_state_publisher http://rera:33547/
[rosmaster.master][INFO] 2026-03-11 21:56:40,745: -SUB [/joint_states] /robot_state_publisher http://rera:33547/
[rosmaster.master][INFO] 2026-03-11 21:56:40,747: -SERVICE [/robot_state_publisher/get_loggers] /robot_state_publisher rosrpc://rera:55113
[rosmaster.master][INFO] 2026-03-11 21:56:40,748: -SERVICE [/robot_state_publisher/set_logger_level] /robot_state_publisher rosrpc://rera:55113
[rosmaster.master][INFO] 2026-03-11 21:56:40,749: -CACHEDPARAM [/rosout_disable_topics_generation] by /robot_state_publisher
[rosmaster.master][INFO] 2026-03-11 21:56:40,784: publisherUpdate[/rosout] -> http://rera:46411/ ['http://rera:37377/', 'http://rera:43327/', 'http://rera:42143/', 'http://rera:39649/', 'http://rera:33525/', 'http://rera:40223/', 'http://rera:42635/']
[rosmaster.master][INFO] 2026-03-11 21:56:40,785: publisherUpdate[/tf] -> http://rera:42635/ ['http://rera:37377/', 'http://rera:43327/', 'http://rera:42143/']
[rosmaster.master][INFO] 2026-03-11 21:56:40,786: publisherUpdate[/rosout] -> http://rera:46411/ ['http://rera:37377/', 'http://rera:43327/', 'http://rera:42143/', 'http://rera:39649/', 'http://rera:33525/', 'http://rera:40223/', 'http://rera:42635/']: sec=0.00, result=[1, '', 0]
[rosmaster.master][INFO] 2026-03-11 21:56:40,788: publisherUpdate[/tf] -> http://rera:42635/ ['http://rera:37377/', 'http://rera:43327/', 'http://rera:42143/']: sec=0.00, exception=[Errno 111] Connection refused
[rosmaster.threadpool][ERROR] 2026-03-11 21:56:40,788: Traceback (most recent call last):
  File "/opt/ros/noetic/lib/python3/dist-packages/rosmaster/threadpool.py", line 218, in run
    result = cmd(*args)
  File "/opt/ros/noetic/lib/python3/dist-packages/rosmaster/master_api.py", line 210, in publisher_update_task
    ret = xmlrpcapi(api).publisherUpdate('/master', topic, pub_uris)
  File "/usr/lib/python3.8/xmlrpc/client.py", line 1109, in __call__
    return self.__send(self.__name, args)
  File "/usr/lib/python3.8/xmlrpc/client.py", line 1450, in __request
    response = self.__transport.request(
  File "/usr/lib/python3.8/xmlrpc/client.py", line 1153, in request
    return self.single_request(host, handler, request_body, verbose)
  File "/usr/lib/python3.8/xmlrpc/client.py", line 1165, in single_request
    http_conn = self.send_request(host, handler, request_body, verbose)
  File "/usr/lib/python3.8/xmlrpc/client.py", line 1278, in send_request
    self.send_content(connection, request_body)
  File "/usr/lib/python3.8/xmlrpc/client.py", line 1308, in send_content
    connection.endheaders(request_body)
  File "/usr/lib/python3.8/http/client.py", line 1251, in endheaders
    self._send_output(message_body, encode_chunked=encode_chunked)
  File "/usr/lib/python3.8/http/client.py", line 1011, in _send_output
    self.send(msg)
  File "/usr/lib/python3.8/http/client.py", line 951, in send
    self.connect()
  File "/usr/lib/python3.8/http/client.py", line 922, in connect
    self.sock = self._create_connection(
  File "/usr/lib/python3.8/socket.py", line 808, in create_connection
    raise err
  File "/usr/lib/python3.8/socket.py", line 796, in create_connection
    sock.connect(sa)
ConnectionRefusedError: [Errno 111] Connection refused

[rosmaster.master][INFO] 2026-03-11 21:56:40,788: publisherUpdate[/tf_static] -> http://rera:42635/ []
[rosmaster.master][INFO] 2026-03-11 21:56:40,789: publisherUpdate[/tf_static] -> http://rera:42635/ []: sec=0.00, exception=[Errno 111] Connection refused
[rosmaster.threadpool][ERROR] 2026-03-11 21:56:40,789: Traceback (most recent call last):
  File "/opt/ros/noetic/lib/python3/dist-packages/rosmaster/threadpool.py", line 218, in run
    result = cmd(*args)
  File "/opt/ros/noetic/lib/python3/dist-packages/rosmaster/master_api.py", line 210, in publisher_update_task
    ret = xmlrpcapi(api).publisherUpdate('/master', topic, pub_uris)
  File "/usr/lib/python3.8/xmlrpc/client.py", line 1109, in __call__
    return self.__send(self.__name, args)
  File "/usr/lib/python3.8/xmlrpc/client.py", line 1450, in __request
    response = self.__transport.request(
  File "/usr/lib/python3.8/xmlrpc/client.py", line 1153, in request
    return self.single_request(host, handler, request_body, verbose)
  File "/usr/lib/python3.8/xmlrpc/client.py", line 1165, in single_request
    http_conn = self.send_request(host, handler, request_body, verbose)
  File "/usr/lib/python3.8/xmlrpc/client.py", line 1278, in send_request
    self.send_content(connection, request_body)
  File "/usr/lib/python3.8/xmlrpc/client.py", line 1308, in send_content
    connection.endheaders(request_body)
  File "/usr/lib/python3.8/http/client.py", line 1251, in endheaders
    self._send_output(message_body, encode_chunked=encode_chunked)
  File "/usr/lib/python3.8/http/client.py", line 1011, in _send_output
    self.send(msg)
  File "/usr/lib/python3.8/http/client.py", line 951, in send
    self.connect()
  File "/usr/lib/python3.8/http/client.py", line 922, in connect
    self.sock = self._create_connection(
  File "/usr/lib/python3.8/socket.py", line 808, in create_connection
    raise err
  File "/usr/lib/python3.8/socket.py", line 796, in create_connection
    sock.connect(sa)
ConnectionRefusedError: [Errno 111] Connection refused

[rosmaster.master][INFO] 2026-03-11 21:56:41,288: -PUB [/rosout_agg] /rosout http://rera:46411/
[rosmaster.master][INFO] 2026-03-11 21:56:41,289: -SUB [/rosout] /rosout http://rera:46411/
[rosmaster.master][INFO] 2026-03-11 21:56:41,291: -SERVICE [/rosout/get_loggers] /rosout rosrpc://rera:58145
[rosmaster.master][INFO] 2026-03-11 21:56:41,292: -SERVICE [/rosout/set_logger_level] /rosout rosrpc://rera:58145
[rosmaster.master][INFO] 2026-03-11 21:56:41,293: -CACHEDPARAM [/rosout/omit_topics] by /rosout
[rosmaster.main][INFO] 2026-03-11 21:56:41,386: keyboard interrupt, will exit
[rosmaster.main][INFO] 2026-03-11 21:56:41,387: stopping master...
[rospy.core][INFO] 2026-03-11 21:56:41,387: signal_shutdown [atexit]
