[rospy.client][INFO] 2026-03-11 21:49:04,826: init_node, name[/rostopic_35684_1773236944765], pid[35684]
[xmlrpc][INFO] 2026-03-11 21:49:04,827: XML-RPC server binding to 0.0.0.0:0
[xmlrpc][INFO] 2026-03-11 21:49:04,828: Started XML-RPC server [http://rera:42577/]
[rospy.init][INFO] 2026-03-11 21:49:04,829: ROS Slave URI: [http://rera:42577/]
[rospy.impl.masterslave][INFO] 2026-03-11 21:49:04,829: _ready: http://rera:42577/
[rospy.registration][INFO] 2026-03-11 21:49:04,830: Registering with master node http://localhost:11311
[xmlrpc][INFO] 2026-03-11 21:49:04,831: xml rpc node: starting XML-RPC server
[rospy.init][INFO] 2026-03-11 21:49:04,929: registered with master
[rospy.rosout][INFO] 2026-03-11 21:49:04,930: initializing /rosout core topic
[rospy.rosout][INFO] 2026-03-11 21:49:04,932: connected to core topic /rosout
[rospy.simtime][INFO] 2026-03-11 21:49:04,934: initializing /clock core topic
[rospy.simtime][INFO] 2026-03-11 21:49:04,936: connected to core topic /clock
[rospy.internal][INFO] 2026-03-11 21:49:04,940: topic[/clock] adding connection to [http://rera:42143/], count 0
[rospy.internal][INFO] 2026-03-11 21:49:04,981: topic[/velodyne_points] adding connection to [http://rera:42143/], count 0
[rospy.internal][INFO] 2026-03-11 21:49:05,212: topic[/rosout] adding connection to [/rosout], count 0
[rospy.core][INFO] 2026-03-11 21:49:16,240: signal_shutdown [signal-15]
[rospy.internal][INFO] 2026-03-11 21:49:16,243: topic[/rosout] removing connection to /rosout
[rospy.internal][INFO] 2026-03-11 21:49:16,243: topic[/clock] removing connection to http://rera:42143/
[rospy.internal][INFO] 2026-03-11 21:49:16,244: topic[/velodyne_points] removing connection to http://rera:42143/
[rospy.impl.masterslave][INFO] 2026-03-11 21:49:16,244: signal-15
[rospy.core][INFO] 2026-03-11 21:49:16,993: signal_shutdown [atexit]
